Component: ARM Compiler 5.06 update 4 (build 422) Tool: armlink [4d35d2]

==============================================================================

Section Cross References

    report_version.o(i.Beep_flash) refers to report_version.o(i.Beep_On) for Beep_On
    report_version.o(i.Beep_flash) refers to report_version.o(i.Beep_Off) for Beep_Off
    report_version.o(i.Beep_flash) refers to report_version.o(.data) for delayCount
    report_version.o(i.EXTI4_IRQHandler) refers to report_version.o(.data) for LastCount
    report_version.o(i.Mode) refers to _printf_percent.o(.ARM.Collect$$_printf_percent$$00000000) for _printf_percent
    report_version.o(i.Mode) refers to _printf_f.o(.ARM.Collect$$_printf_percent$$00000003) for _printf_f
    report_version.o(i.Mode) refers to printf1.o(x$fpl$printf1) for _printf_fp_dec
    report_version.o(i.Mode) refers to report_version.o(i.ReadVoltage) for ReadVoltage
    report_version.o(i.Mode) refers to pb_lcd_drivers.o(i.PB_LCD_GoToXY) for PB_LCD_GoToXY
    report_version.o(i.Mode) refers to pb_lcd_drivers.o(i.PB_LCD_WriteString) for PB_LCD_WriteString
    report_version.o(i.Mode) refers to f2d.o(x$fpl$f2d) for __aeabi_f2d
    report_version.o(i.Mode) refers to noretval__2sprintf.o(.text) for __2sprintf
    report_version.o(i.Mode) refers to drleqf.o(x$fpl$drleqf) for __aeabi_cdrcmple
    report_version.o(i.Mode) refers to dleqf.o(x$fpl$dleqf) for __aeabi_cdcmple
    report_version.o(i.Mode) refers to report_version.o(i.ReadCurrent) for ReadCurrent
    report_version.o(i.Mode) refers to report_version.o(i.ReadResistance) for ReadResistance
    report_version.o(i.Mode) refers to report_version.o(.bss) for buffer_2
    report_version.o(i.Mode) refers to report_version.o(i.CheckButton) for CheckButton
    report_version.o(i.Mode) refers to deqf.o(x$fpl$deqf) for __aeabi_cdcmpeq
    report_version.o(i.Mode) refers to pb_lcd_drivers.o(i.PB_LCD_Clear) for PB_LCD_Clear
    report_version.o(i.Mode) refers to report_version.o(.data) for j
    report_version.o(i.ReadCurrent) refers to f2d.o(x$fpl$f2d) for __aeabi_f2d
    report_version.o(i.ReadCurrent) refers to dmul.o(x$fpl$dmul) for __aeabi_dmul
    report_version.o(i.ReadCurrent) refers to d2f.o(x$fpl$d2f) for __aeabi_d2f
    report_version.o(i.ReadCurrent) refers to daddsub_clz.o(x$fpl$dsub) for __aeabi_dsub
    report_version.o(i.ReadFrequency) refers to report_version.o(i.EXTI4_IRQHandler) for EXTI4_IRQHandler
    report_version.o(i.ReadFrequency) refers to report_version.o(.data) for freq
    report_version.o(i.ReadResistance) refers to f2d.o(x$fpl$f2d) for __aeabi_f2d
    report_version.o(i.ReadResistance) refers to dmul.o(x$fpl$dmul) for __aeabi_dmul
    report_version.o(i.ReadResistance) refers to d2f.o(x$fpl$d2f) for __aeabi_d2f
    report_version.o(i.ReadResistance) refers to dleqf.o(x$fpl$dleqf) for __aeabi_cdcmple
    report_version.o(i.ReadResistance) refers to drleqf.o(x$fpl$drleqf) for __aeabi_cdrcmple
    report_version.o(i.ReadResistance) refers to adc.o(i.read_ADC1) for read_ADC1
    report_version.o(i.ReadResistance) refers to ddiv.o(x$fpl$ddiv) for __aeabi_ddiv
    report_version.o(i.ReadVoltage) refers to f2d.o(x$fpl$f2d) for __aeabi_f2d
    report_version.o(i.ReadVoltage) refers to dmul.o(x$fpl$dmul) for __aeabi_dmul
    report_version.o(i.ReadVoltage) refers to d2f.o(x$fpl$d2f) for __aeabi_d2f
    report_version.o(i.ReadVoltage) refers to drleqf.o(x$fpl$drleqf) for __aeabi_cdrcmple
    report_version.o(i.ReadVoltage) refers to dleqf.o(x$fpl$dleqf) for __aeabi_cdcmple
    report_version.o(i.ReadVoltage) refers to adc.o(i.read_ADC1) for read_ADC1
    report_version.o(i.ReadVoltage) refers to daddsub_clz.o(x$fpl$dsub) for __aeabi_dsub
    report_version.o(i.SysTick_Handler) refers to report_version.o(.data) for clear
    report_version.o(i.main) refers to system_stm32f4xx.o(i.SystemCoreClockUpdate) for SystemCoreClockUpdate
    report_version.o(i.main) refers to report_version.o(i.SysTick_Handler) for SysTick_Handler
    report_version.o(i.main) refers to pb_lcd_drivers.o(i.PB_LCD_Init) for PB_LCD_Init
    report_version.o(i.main) refers to pb_lcd_drivers.o(i.PB_LCD_Clear) for PB_LCD_Clear
    report_version.o(i.main) refers to report_version.o(i.initialiseButton) for initialiseButton
    report_version.o(i.main) refers to report_version.o(i.initialiseLEDs) for initialiseLEDs
    report_version.o(i.main) refers to adc.o(i.ADC1_init) for ADC1_init
    report_version.o(i.main) refers to adc.o(i.read_ADC1) for read_ADC1
    report_version.o(i.main) refers to report_version.o(i.CheckReleasebutton) for CheckReleasebutton
    report_version.o(i.main) refers to deqf.o(x$fpl$deqf) for __aeabi_cdcmpeq
    report_version.o(i.main) refers to report_version.o(i.CheckPushbutton) for CheckPushbutton
    report_version.o(i.main) refers to report_version.o(i.Mode) for Mode
[...]
    Removing stm32f4xx_hal_adc.o(i.HAL_ADC_DeInit), (68 bytes).
    Removing stm32f4xx_hal_adc.o(i.HAL_ADC_ErrorCallback), (2 bytes).
    Removing stm32f4xx_hal_adc.o(i.HAL_ADC_GetError), (6 bytes).
    Removing stm32f4xx_hal_adc.o(i.HAL_ADC_GetState), (6 bytes).
    Removing stm32f4xx_hal_adc.o(i.HAL_ADC_GetValue), (8 bytes).
    Removing stm32f4xx_hal_adc.o(i.HAL_ADC_IRQHandler), (372 bytes).
    Removing stm32f4xx_hal_adc.o(i.HAL_ADC_Init), (104 bytes).
    Removing stm32f4xx_hal_adc.o(i.HAL_ADC_LevelOutOfWindowCallback), (2 bytes).
    Removing stm32f4xx_hal_adc.o(i.HAL_ADC_MspDeInit), (2 bytes).
    Removing stm32f4xx_hal_adc.o(i.HAL_ADC_MspInit), (2 bytes).
    Removing stm32f4xx_hal_adc.o(i.HAL_ADC_PollForConversion), (186 bytes).
    Removing stm32f4xx_hal_adc.o(i.HAL_ADC_PollForEvent), (118 bytes).
    Removing stm32f4xx_hal_adc.o(i.HAL_ADC_Start), (256 bytes).
    Removing stm32f4xx_hal_adc.o(i.HAL_ADC_Start_DMA), (328 bytes).
    Removing stm32f4xx_hal_adc.o(i.HAL_ADC_Start_IT), (272 bytes).
    Removing stm32f4xx_hal_adc.o(i.HAL_ADC_Stop), (72 bytes).
    Removing stm32f4xx_hal_adc.o(i.HAL_ADC_Stop_DMA), (108 bytes).
    Removing stm32f4xx_hal_adc.o(i.HAL_ADC_Stop_IT), (88 bytes).
    Removing stm32f4xx_hal_adc_ex.o(.rev16_text), (4 bytes).
    Removing stm32f4xx_hal_adc_ex.o(.revsh_text), (4 bytes).
    Removing stm32f4xx_hal_adc_ex.o(.rrx_text), (6 bytes).
    Removing stm32f4xx_hal_adc_ex.o(i.ADC_MultiModeDMAConvCplt), (110 bytes).
    Removing stm32f4xx_hal_adc_ex.o(i.ADC_MultiModeDMAError), (26 bytes).
    Removing stm32f4xx_hal_adc_ex.o(i.ADC_MultiModeDMAHalfConvCplt), (14 bytes).
    Removing stm32f4xx_hal_adc_ex.o(i.HAL_ADCEx_InjectedConfigChannel), (560 bytes).
    Removing stm32f4xx_hal_adc_ex.o(i.HAL_ADCEx_InjectedConvCpltCallback), (2 bytes).
    Removing stm32f4xx_hal_adc_ex.o(i.HAL_ADCEx_InjectedGetValue), (70 bytes).
    Removing stm32f4xx_hal_adc_ex.o(i.HAL_ADCEx_InjectedPollForConversion), (160 bytes).
    Removing stm32f4xx_hal_adc_ex.o(i.HAL_ADCEx_InjectedStart), (268 bytes).
    Removing stm32f4xx_hal_adc_ex.o(i.HAL_ADCEx_InjectedStart_IT), (280 bytes).
    Removing stm32f4xx_hal_adc_ex.o(i.HAL_ADCEx_InjectedStop), (104 bytes).
    Removing stm32f4xx_hal_adc_ex.o(i.HAL_ADCEx_InjectedStop_IT), (116 bytes).
    Removing stm32f4xx_hal_adc_ex.o(i.HAL_ADCEx_MultiModeConfigChannel), (136 bytes).
    Removing stm32f4xx_hal_adc_ex.o(i.HAL_ADCEx_MultiModeGetValue), (12 bytes).
    Removing stm32f4xx_hal_adc_ex.o(i.HAL_ADCEx_MultiModeStart_DMA), (308 bytes).
    Removing stm32f4xx_hal_adc_ex.o(i.HAL_ADCEx_MultiModeStop_DMA), (112 bytes).
    Removing stm32f4xx_hal_cortex.o(.rev16_text), (4 bytes).
    Removing stm32f4xx_hal_cortex.o(.revsh_text), (4 bytes).
    Removing stm32f4xx_hal_cortex.o(.rrx_text), (6 bytes).
    Removing stm32f4xx_hal_cortex.o(i.HAL_MPU_ConfigRegion), (92 bytes).
    Removing stm32f4xx_hal_cortex.o(i.HAL_NVIC_ClearPendingIRQ), (36 bytes).
    Removing stm32f4xx_hal_cortex.o(i.HAL_NVIC_DisableIRQ), (68 bytes).
    Removing stm32f4xx_hal_cortex.o(i.HAL_NVIC_EnableIRQ), (32 bytes).
    Removing stm32f4xx_hal_cortex.o(i.HAL_NVIC_GetActive), (48 bytes).
    Removing stm32f4xx_hal_cortex.o(i.HAL_NVIC_GetPendingIRQ), (48 bytes).
    Removing stm32f4xx_hal_cortex.o(i.HAL_NVIC_GetPriority), (148 bytes).
    Removing stm32f4xx_hal_cortex.o(i.HAL_NVIC_GetPriorityGrouping), (8 bytes).
    Removing stm32f4xx_hal_cortex.o(i.HAL_NVIC_SetPendingIRQ), (36 bytes).
    Removing stm32f4xx_hal_cortex.o(i.HAL_NVIC_SetPriority), (124 bytes).
    Removing stm32f4xx_hal_cortex.o(i.HAL_NVIC_SetPriorityGrouping), (40 bytes).
    Removing stm32f4xx_hal_cortex.o(i.HAL_NVIC_SystemReset), (68 bytes).
    Removing stm32f4xx_hal_cortex.o(i.HAL_SYSTICK_CLKSourceConfig), (40 bytes).
    Removing stm32f4xx_hal_cortex.o(i.HAL_SYSTICK_Callback), (2 bytes).
    Removing stm32f4xx_hal_cortex.o(i.HAL_SYSTICK_Config), (52 bytes).
    Removing stm32f4xx_hal_cortex.o(i.HAL_SYSTICK_IRQHandler), (8 bytes).
    Removing stm32f4xx_hal_cortex.o(i.__NVIC_GetPriorityGrouping), (16 bytes).
    Removing stm32f4xx_hal_cortex.o(i.__NVIC_SetPriority), (40 bytes).
    Removing stm32f4xx_hal_dma.o(.rev16_text), (4 bytes).
    Removing stm32f4xx_hal_dma.o(.revsh_text), (4 bytes).
    Removing stm32f4xx_hal_dma.o(.rrx_text), (6 bytes).
    Removing stm32f4xx_hal_dma.o(i.DMA_CalcBaseAndBitshift), (52 bytes).
    Removing stm32f4xx_hal_dma.o(i.DMA_CheckFifoParam), (186 bytes).
    Removing stm32f4xx_hal_dma.o(i.DMA_SetConfig), (44 bytes).
    Removing stm32f4xx_hal_dma.o(i.HAL_DMA_Abort), (170 bytes).
    Removing stm32f4xx_hal_dma.o(i.HAL_DMA_Abort_IT), (40 bytes).
    Removing stm32f4xx_hal_dma.o(i.HAL_DMA_DeInit), (98 bytes).
    Removing stm32f4xx_hal_dma.o(i.HAL_DMA_GetError), (6 bytes).
    Removing stm32f4xx_hal_dma.o(i.HAL_DMA_GetState), (8 bytes).
    Removing stm32f4xx_hal_dma.o(i.HAL_DMA_IRQHandler), (584 bytes).
    Removing stm32f4xx_hal_dma.o(i.HAL_DMA_Init), (232 bytes).
    Removing stm32f4xx_hal_dma.o(i.HAL_DMA_PollForTransfer), (356 bytes).
    Removing stm32f4xx_hal_dma.o(i.HAL_DMA_RegisterCallback), (94 bytes).
    Removing stm32f4xx_hal_dma.o(i.HAL_DMA_Start), (102 bytes).
    Removing stm32f4xx_hal_dma.o(i.HAL_DMA_Start_IT), (158 bytes).
    Removing stm32f4xx_hal_dma.o(i.HAL_DMA_UnRegisterCallback), (124 bytes).
    Removing stm32f4xx_hal_dma.o(.constdata), (8 bytes).
    Removing stm32f4xx_hal_dma_ex.o(.rev16_text), (4 bytes).
    Removing stm32f4xx_hal_dma_ex.o(.revsh_text), (4 bytes).
    Removing stm32f4xx_hal_dma_ex.o(.rrx_text), (6 bytes).
    Removing stm32f4xx_hal_dma_ex.o(i.DMA_MultiBufferSetConfig), (32 bytes).
    Removing stm32f4xx_hal_dma_ex.o(i.HAL_DMAEx_ChangeMemory), (18 bytes).
    Removing stm32f4xx_hal_dma_ex.o(i.HAL_DMAEx_MultiBufferStart), (124 bytes).
    Removing stm32f4xx_hal_dma_ex.o(i.HAL_DMAEx_MultiBufferStart_IT), (4064 bytes).
    Removing stm32f4xx_hal_gpio.o(.rev16_text), (4 bytes).
    Removing stm32f4xx_hal_gpio.o(.revsh_text), (4 bytes).
    Removing stm32f4xx_hal_gpio.o(.rrx_text), (6 bytes).
    Removing stm32f4xx_hal_gpio.o(i.HAL_GPIO_DeInit), (356 bytes).
    Removing stm32f4xx_hal_gpio.o(i.HAL_GPIO_EXTI_Callback), (2 bytes).
    Removing stm32f4xx_hal_gpio.o(i.HAL_GPIO_EXTI_IRQHandler), (28 bytes).
    Removing stm32f4xx_hal_gpio.o(i.HAL_GPIO_Init), (512 bytes).
    Removing stm32f4xx_hal_gpio.o(i.HAL_GPIO_LockPin), (46 bytes).
    Removing stm32f4xx_hal_gpio.o(i.HAL_GPIO_ReadPin), (16 bytes).
    Removing stm32f4xx_hal_gpio.o(i.HAL_GPIO_TogglePin), (8 bytes).
    Removing stm32f4xx_hal_gpio.o(i.HAL_GPIO_WritePin), (12 bytes).
    Removing stm32f4xx_hal_pwr.o(.rev16_text), (4 bytes).
    Removing stm32f4xx_hal_pwr.o(.revsh_text), (4 bytes).
    Removing stm32f4xx_hal_pwr.o(.rrx_text), (6 bytes).
    Removing stm32f4xx_hal_pwr.o(i.HAL_PWR_ConfigPVD), (180 bytes).
    Removing stm32f4xx_hal_pwr.o(i.HAL_PWR_DeInit), (28 bytes).
    Removing stm32f4xx_hal_pwr.o(i.HAL_PWR_DisableBkUpAccess), (28 bytes).
    Removing stm32f4xx_hal_pwr.o(i.HAL_PWR_DisablePVD), (24 bytes).
    Removing stm32f4xx_hal_pwr.o(i.HAL_PWR_DisableSEVOnPend), (20 bytes).
    Removing stm32f4xx_hal_pwr.o(i.HAL_PWR_DisableSleepOnExit), (20 bytes).
    Removing stm32f4xx_hal_pwr.o(i.HAL_PWR_DisableWakeUpPin), (16 bytes).
    Removing stm32f4xx_hal_pwr.o(i.HAL_PWR_EnableBkUpAccess), (24 bytes).
    Removing stm32f4xx_hal_pwr.o(i.HAL_PWR_EnablePVD), (24 bytes).
    Removing stm32f4xx_hal_pwr.o(i.HAL_PWR_EnableSEVOnPend), (20 bytes).
    Removing stm32f4xx_hal_pwr.o(i.HAL_PWR_EnableSleepOnExit), (20 bytes).
    Removing stm32f4xx_hal_pwr.o(i.HAL_PWR_EnableWakeUpPin), (16 bytes).
    Removing stm32f4xx_hal_pwr.o(i.HAL_PWR_EnterSLEEPMode), (32 bytes).
    Removing stm32f4xx_hal_pwr.o(i.HAL_PWR_EnterSTANDBYMode), (40 bytes).
    Removing stm32f4xx_hal_pwr.o(i.HAL_PWR_EnterSTOPMode), (64 bytes).
    Removing stm32f4xx_hal_pwr.o(i.HAL_PWR_PVDCallback), (2 bytes).
    Removing stm32f4xx_hal_pwr.o(i.HAL_PWR_PVD_IRQHandler), (32 bytes).
    Removing stm32f4xx_hal_pwr_ex.o(.rev16_text), (4 bytes).
    Removing stm32f4xx_hal_pwr_ex.o(.revsh_text), (4 bytes).
    Removing stm32f4xx_hal_pwr_ex.o(.rrx_text), (6 bytes).
    Removing stm32f4xx_hal_pwr_ex.o(i.HAL_PWREx_ControlVoltageScaling), (120 bytes).
    Removing stm32f4xx_hal_pwr_ex.o(i.HAL_PWREx_DisableBkUpReg), (76 bytes).
    Removing stm32f4xx_hal_pwr_ex.o(i.HAL_PWREx_DisableFlashPowerDown), (28 bytes).
    Removing stm32f4xx_hal_pwr_ex.o(i.HAL_PWREx_EnableBkUpReg), (76 bytes).
    Removing stm32f4xx_hal_pwr_ex.o(i.HAL_PWREx_EnableFlashPowerDown), (24 bytes).
    Removing stm32f4xx_hal_pwr_ex.o(i.HAL_PWREx_GetVoltageRange), (16 bytes).
    Removing stm32f4xx_hal_rcc.o(.rev16_text), (4 bytes).
    Removing stm32f4xx_hal_rcc.o(.revsh_text), (4 bytes).
    Removing stm32f4xx_hal_rcc.o(.rrx_text), (6 bytes).
    Removing stm32f4xx_hal_rcc.o(i.HAL_RCC_CSSCallback), (2 bytes).
    Removing stm32f4xx_hal_rcc.o(i.HAL_RCC_ClockConfig), (464 bytes).
    Removing stm32f4xx_hal_rcc.o(i.HAL_RCC_DeInit), (2 bytes).
    Removing stm32f4xx_hal_rcc.o(i.HAL_RCC_DisableCSS), (12 bytes).
    Removing stm32f4xx_hal_rcc.o(i.HAL_RCC_EnableCSS), (12 bytes).
    Removing stm32f4xx_hal_rcc.o(i.HAL_RCC_GetClockConfig), (68 bytes).
    Removing stm32f4xx_hal_rcc.o(i.HAL_RCC_GetHCLKFreq), (12 bytes).
    Removing stm32f4xx_hal_rcc.o(i.HAL_RCC_GetOscConfig), (296 bytes).
    Removing stm32f4xx_hal_rcc.o(i.HAL_RCC_GetPCLK1Freq), (44 bytes).
    Removing stm32f4xx_hal_rcc.o(i.HAL_RCC_GetPCLK2Freq), (44 bytes).
    Removing stm32f4xx_hal_rcc.o(i.HAL_RCC_GetSysClockFreq), (180 bytes).
    Removing stm32f4xx_hal_rcc.o(i.HAL_RCC_MCOConfig), (192 bytes).
    Removing stm32f4xx_hal_rcc.o(i.HAL_RCC_NMI_IRQHandler), (32 bytes).
    Removing stm32f4xx_hal_rcc.o(i.HAL_RCC_OscConfig), (1100 bytes).
    Removing stm32f4xx_hal_rcc.o(.constdata), (16 bytes).
    Removing stm32f4xx_hal_rcc_ex.o(.rev16_text), (4 bytes).
    Removing stm32f4xx_hal_rcc_ex.o(.revsh_text), (4 bytes).
    Removing stm32f4xx_hal_rcc_ex.o(.rrx_text), (6 bytes).
    Removing stm32f4xx_hal_rcc_ex.o(i.HAL_RCCEx_GetPeriphCLKConfig), (80 bytes).
    Removing stm32f4xx_hal_rcc_ex.o(i.HAL_RCCEx_PeriphCLKConfig), (432 bytes).
    Removing stm32f4xx_hal_rcc_ex.o(i.HAL_RCC_DeInit), (128 bytes).
    Removing system_stm32f4xx.o(.rev16_text), (4 bytes).
    Removing system_stm32f4xx.o(.revsh_text), (4 bytes).
    Removing system_stm32f4xx.o(.rrx_text), (6 bytes).

219 unused section(s) (total 19122 bytes) removed from the image.

==============================================================================

Image Symbol Table

    Local Symbols

    Symbol Name                              Value     Ov Type        Size  Object(Section)

    ../clib/angel/boardlib.s                 0x00000000   Number         0  boardshut.o ABSOLUTE
    ../clib/angel/boardlib.s                 0x00000000   Number         0  boardinit1.o ABSOLUTE
    ../clib/angel/boardlib.s                 0x00000000   Number         0  boardinit2.o ABSOLUTE
    ../clib/angel/boardlib.s                 0x00000000   Number         0  boardinit3.o ABSOLUTE
    ../clib/angel/handlers.s                 0x00000000   Number         0  __scatter_zi.o ABSOLUTE
    ../clib/angel/handlers.s                 0x00000000   Number         0  __scatter_copy.o ABSOLUTE
    ../clib/angel/kernel.s                   0x00000000   Number         0  __rtentry4.o ABSOLUTE
    ../clib/angel/kernel.s                   0x00000000   Number         0  __rtentry2.o ABSOLUTE
    ../clib/angel/kernel.s                   0x00000000   Number         0  __rtentry.o ABSOLUTE
    ../clib/angel/kernel.s                   0x00000000   Number         0  rtexit.o ABSOLUTE
    ../clib/angel/kernel.s                   0x00000000   Number         0  rtexit2.o ABSOLUTE
    ../clib/angel/rt.s                       0x00000000   Number         0  rt_locale_intlibspace.o ABSOLUTE
    ../clib/angel/rt.s                       0x00000000   Number         0  rt_locale.o ABSOLUTE
    ../clib/angel/rt.s                       0x00000000   Number         0  rt_raise.o ABSOLUTE
    ../clib/angel/scatter.s                  0x00000000   Number         0  __scatter.o ABSOLUTE
    ../clib/angel/startup.s                  0x00000000   Number         0  __main.o ABSOLUTE
    ../clib/angel/sys.s                      0x00000000   Number         0  sys_stackheap_outer.o ABSOLUTE
    ../clib/angel/sys.s                      0x00000000   Number         0  indicate_semi.o ABSOLUTE
    ../clib/angel/sys.s                      0x00000000   Number         0  libspace.o ABSOLUTE
    ../clib/angel/sys.s                      0x00000000   Number         0  use_no_semi.o ABSOLUTE
    ../clib/angel/sysapp.c                   0x00000000   Number         0  sys_command.o ABSOLUTE
    ../clib/angel/sysapp.c                   0x00000000   Number         0  sys_exit.o ABSOLUTE
    ../clib/angel/sysapp.c                   0x00000000   Number         0  sys_wrch.o ABSOLUTE
    ../clib/armsys.c                         0x00000000   Number         0  _get_argv_nomalloc.o ABSOLUTE
    ../clib/armsys.c                         0x00000000   Number         0  no_argv.o ABSOLUTE
    ../clib/armsys.c                         0x00000000   Number         0  argv_veneer.o ABSOLUTE
    ../clib/armsys.c                         0x00000000   Number         0  argv_veneer.o ABSOLUTE
    ../clib/bigflt.c                         0x00000000   Number         0  bigflt0.o ABSOLUTE
    ../clib/btod.s                           0x00000000   Number         0  btod.o ABSOLUTE
    ../clib/heapalloc.c                      0x00000000   Number         0  hrguard.o ABSOLUTE
    ../clib/heapaux.c                        0x00000000   Number         0  heapauxi.o ABSOLUTE
    ../clib/libinit.s                        0x00000000   Number         0  libshutdown2.o ABSOLUTE
    ../clib/libinit.s                        0x00000000   Number         0  libinit2.o ABSOLUTE
    ../clib/libinit.s                        0x00000000   Number         0  libshutdown.o ABSOLUTE
    ../clib/libinit.s                        0x00000000   Number         0  libinit.o ABSOLUTE
    ../clib/locale.s                         0x00000000   Number         0  lc_numeric_c.o ABSOLUTE
    ../clib/longlong.s                       0x00000000   Number         0  lludiv10.o ABSOLUTE
    ../clib/memcpset.s                       0x00000000   Number         0  strcmpv7m.o ABSOLUTE
    ../clib/misc.s                           0x00000000   Number         0  printf_stubs.o ABSOLUTE
    ../clib/printf.c                         0x00000000   Number         0  _printf_fp_dec.o ABSOLUTE
    ../clib/printf.c                         0x00000000   Number         0  _printf_char_common.o ABSOLUTE
    ../clib/printf.c                         0x00000000   Number         0  _sputc.o ABSOLUTE
    ../clib/printf.c                         0x00000000   Number         0  __printf_nopercent.o ABSOLUTE
    ../clib/printf.c                         0x00000000   Number         0  __2sprintf.o ABSOLUTE
    ../clib/printf.c                         0x00000000   Number         0  noretval__2sprintf.o ABSOLUTE
    ../clib/printf.c                         0x00000000   Number         0  __printf_flags_ss_wp.o ABSOLUTE
    ../clib/printf.c                         0x00000000   Number         0  __printf_ss_wp.o ABSOLUTE
    ../clib/printf.c                         0x00000000   Number         0  _printf_fp_infnan.o ABSOLUTE
    ../clib/printf.c                         0x00000000   Number         0  __printf_flags_wp.o ABSOLUTE
    ../clib/printf.c                         0x00000000   Number         0  __printf_wp.o ABSOLUTE
    ../clib/printf.c                         0x00000000   Number         0  __printf_flags_ss.o ABSOLUTE
    ../clib/printf.c                         0x00000000   Number         0  __printf_ss.o ABSOLUTE
    ../clib/printf.c                         0x00000000   Number         0  __printf_flags.o ABSOLUTE
    ../clib/printf.c                         0x00000000   Number         0  __printf.o ABSOLUTE
    ../clib/printf_percent.s                 0x00000000   Number         0  _printf_percent_end.o ABSOLUTE
    ../clib/printf_percent.s                 0x00000000   Number         0  _printf_percent.o ABSOLUTE
    ../clib/printf_percent.s                 0x00000000   Number         0  _printf_f.o ABSOLUTE
    ../clib/signal.c                         0x00000000   Number         0  defsig_segv_inner.o ABSOLUTE
    ../clib/signal.c                         0x00000000   Number         0  defsig_cppl_inner.o ABSOLUTE
    ../clib/signal.c                         0x00000000   Number         0  defsig_pvfn_inner.o ABSOLUTE
    ../clib/signal.c                         0x00000000   Number         0  defsig_stak_inner.o ABSOLUTE
    ../clib/signal.c                         0x00000000   Number         0  defsig_rtred_inner.o ABSOLUTE
    ../clib/signal.c                         0x00000000   Number         0  defsig_fpe_inner.o ABSOLUTE
    ../clib/signal.c                         0x00000000   Number         0  defsig_abrt_inner.o ABSOLUTE
    ../clib/signal.c                         0x00000000   Number         0  defsig_general.o ABSOLUTE
    ../clib/signal.c                         0x00000000   Number         0  __raise.o ABSOLUTE
    ../clib/signal.c                         0x00000000   Number         0  defsig_rtmem_inner.o ABSOLUTE
    ../clib/signal.c                         0x00000000   Number         0  defsig_exit.o ABSOLUTE
    ../clib/signal.c                         0x00000000   Number         0  defsig_rtmem_outer.o ABSOLUTE
    ../clib/signal.c                         0x00000000   Number         0  defsig_rtmem_formal.o ABSOLUTE
    ../clib/signal.c                         0x00000000   Number         0  defsig_other.o ABSOLUTE
    ../clib/signal.s                         0x00000000   Number         0  defsig.o ABSOLUTE
    ../clib/stdlib.c                         0x00000000   Number         0  exit.o ABSOLUTE
    ../fplib/d2f.s                           0x00000000   Number         0  d2f.o ABSOLUTE
    ../fplib/daddsub.s                       0x00000000   Number         0  daddsub_clz.o ABSOLUTE
    ../fplib/dcmpi.s                         0x00000000   Number         0  dcmpi.o ABSOLUTE
    ../fplib/ddiv.s                          0x00000000   Number         0  ddiv.o ABSOLUTE
    ../fplib/deqf.s                          0x00000000   Number         0  deqf.o ABSOLUTE
    ../fplib/dleqf.s                         0x00000000   Number         0  dleqf.o ABSOLUTE
    ../fplib/dmul.s                          0x00000000   Number         0  dmul.o ABSOLUTE
    ../fplib/dnaninf.s                       0x00000000   Number         0  dnaninf.o ABSOLUTE
    ../fplib/dretinf.s                       0x00000000   Number         0  dretinf.o ABSOLUTE
    ../fplib/drleqf.s                        0x00000000   Number         0  drleqf.o ABSOLUTE
    ../fplib/f2d.s                           0x00000000   Number         0  f2d.o ABSOLUTE
    ../fplib/fnaninf.s                       0x00000000   Number         0  fnaninf.o ABSOLUTE
    ../fplib/fpinit.s                        0x00000000   Number         0  fpinit.o ABSOLUTE
    ../fplib/fretinf.s                       0x00000000   Number         0  fretinf.o ABSOLUTE
    ../fplib/istatus.s                       0x00000000   Number         0  istatus.o ABSOLUTE
    ../fplib/printf1.s                       0x00000000   Number         0  printf1.o ABSOLUTE
    ../fplib/usenofp.s                       0x00000000   Number         0  usenofp.o ABSOLUTE
    ../mathlib/fpclassify.c                  0x00000000   Number         0  fpclassify.o ABSOLUTE
    ..\2\PB_LCD_Drivers.c                    0x00000000   Number         0  pb_lcd_drivers.o ABSOLUTE
    ..\\2\\PB_LCD_Drivers.c                  0x00000000   Number         0  pb_lcd_drivers.o ABSOLUTE
    ADC.c                                    0x00000000   Number         0  adc.o ABSOLUTE
    ADC.c                                    0x00000000   Number         0  adc.o ABSOLUTE
    C:\KEIL_V5\ARM\PACK\Keil\STM32F4xx_DFP\2.11.0\Drivers\STM32F4xx_HAL_Driver\Src\stm32f4xx_hal.c 0x00000000   Number         0  stm32f4xx_hal.o ABSOLUTE
    C:\KEIL_V5\ARM\PACK\Keil\STM32F4xx_DFP\2.11.0\Drivers\STM32F4xx_HAL_Driver\Src\stm32f4xx_hal_adc.c 0x00000000   Number         0  stm32f4xx_hal_adc.o ABSOLUTE
    C:\KEIL_V5\ARM\PACK\Keil\STM32F4xx_DFP\2.11.0\Drivers\STM32F4xx_HAL_Driver\Src\stm32f4xx_hal_adc_ex.c 0x00000000   Number         0  stm32f4xx_hal_adc_ex.o ABSOLUTE
    C:\KEIL_V5\ARM\PACK\Keil\STM32F4xx_DFP\2.11.0\Drivers\STM32F4xx_HAL_Driver\Src\stm32f4xx_hal_cortex.c 0x00000000   Number         0  stm32f4xx_hal_cortex.o ABSOLUTE
    C:\KEIL_V5\ARM\PACK\Keil\STM32F4xx_DFP\2.11.0\Drivers\STM32F4xx_HAL_Driver\Src\stm32f4xx_hal_dma.c 0x00000000   Number         0  stm32f4xx_hal_dma.o ABSOLUTE
    C:\KEIL_V5\ARM\PACK\Keil\STM32F4xx_DFP\2.11.0\Drivers\STM32F4xx_HAL_Driver\Src\stm32f4xx_hal_dma_ex.c 0x00000000   Number         0  stm32f4xx_hal_dma_ex.o ABSOLUTE
    C:\KEIL_V5\ARM\PACK\Keil\STM32F4xx_DFP\2.11.0\Drivers\STM32F4xx_HAL_Driver\Src\stm32f4xx_hal_gpio.c 0x00000000   Number         0  stm32f4xx_hal_gpio.o ABSOLUTE
    C:\KEIL_V5\ARM\PACK\Keil\STM32F4xx_DFP\2.11.0\Drivers\STM32F4xx_HAL_Driver\Src\stm32f4xx_hal_pwr.c 0x00000000   Number         0  stm32f4xx_hal_pwr.o ABSOLUTE
    C:\KEIL_V5\ARM\PACK\Keil\STM32F4xx_DFP\2.11.0\Drivers\STM32F4xx_HAL_Driver\Src\stm32f4xx_hal_pwr_ex.c 0x00000000   Number         0  stm32f4xx_hal_pwr_ex.o ABSOLUTE
    C:\KEIL_V5\ARM\PACK\Keil\STM32F4xx_DFP\2.11.0\Drivers\STM32F4xx_HAL_Driver\Src\stm32f4xx_hal_rcc.c 0x00000000   Number         0  stm32f4xx_hal_rcc.o ABSOLUTE
    C:\KEIL_V5\ARM\PACK\Keil\STM32F4xx_DFP\2.11.0\Drivers\STM32F4xx_HAL_Driver\Src\stm32f4xx_hal_rcc_ex.c 0x00000000   Number         0  stm32f4xx_hal_rcc_ex.o ABSOLUTE
    C:\KEIL_V5\ARM\PACK\Keil\STM32F4xx_DFP\2.11.0\MDK\Boards\ST\STM32F429I-Discovery\Common\Buttons_F429Discovery.c 0x00000000   Number         0  buttons_f429discovery.o ABSOLUTE
    C:\KEIL_V5\ARM\PACK\Keil\STM32F4xx_DFP\2.11.0\MDK\Boards\ST\STM32F429I-Discovery\Common\LED_F429Discovery.c 0x00000000   Number         0  led_f429discovery.o ABSOLUTE
    C:\\KEIL_V5\\ARM\\PACK\\Keil\\STM32F4xx_DFP\\2.11.0\\Drivers\\STM32F4xx_HAL_Driver\\Src\\stm32f4xx_hal.c 0x00000000   Number         0  stm32f4xx_hal.o ABSOLUTE
    C:\\KEIL_V5\\ARM\\PACK\\Keil\\STM32F4xx_DFP\\2.11.0\\Drivers\\STM32F4xx_HAL_Driver\\Src\\stm32f4xx_hal_adc.c 0x00000000   Number         0  stm32f4xx_hal_adc.o ABSOLUTE
    C:\\KEIL_V5\\ARM\\PACK\\Keil\\STM32F4xx_DFP\\2.11.0\\Drivers\\STM32F4xx_HAL_Driver\\Src\\stm32f4xx_hal_adc_ex.c 0x00000000   Number         0  stm32f4xx_hal_adc_ex.o ABSOLUTE
    C:\\KEIL_V5\\ARM\\PACK\\Keil\\STM32F4xx_DFP\\2.11.0\\Drivers\\STM32F4xx_HAL_Driver\\Src\\stm32f4xx_hal_cortex.c 0x00000000   Number         0  stm32f4xx_hal_cortex.o ABSOLUTE
    C:\\KEIL_V5\\ARM\\PACK\\Keil\\STM32F4xx_DFP\\2.11.0\\Drivers\\STM32F4xx_HAL_Driver\\Src\\stm32f4xx_hal_dma.c 0x00000000   Number         0  stm32f4xx_hal_dma.o ABSOLUTE
    C:\\KEIL_V5\\ARM\\PACK\\Keil\\STM32F4xx_DFP\\2.11.0\\Drivers\\STM32F4xx_HAL_Driver\\Src\\stm32f4xx_hal_dma_ex.c 0x00000000   Number         0  stm32f4xx_hal_dma_ex.o ABSOLUTE
    C:\\KEIL_V5\\ARM\\PACK\\Keil\\STM32F4xx_DFP\\2.11.0\\Drivers\\STM32F4xx_HAL_Driver\\Src\\stm32f4xx_hal_gpio.c 0x00000000   Number         0  stm32f4xx_hal_gpio.o ABSOLUTE
    C:\\KEIL_V5\\ARM\\PACK\\Keil\\STM32F4xx_DFP\\2.11.0\\Drivers\\STM32F4xx_HAL_Driver\\Src\\stm32f4xx_hal_pwr.c 0x00000000   Number         0  stm32f4xx_hal_pwr.o ABSOLUTE
    C:\\KEIL_V5\\ARM\\PACK\\Keil\\STM32F4xx_DFP\\2.11.0\\Drivers\\STM32F4xx_HAL_Driver\\Src\\stm32f4xx_hal_pwr_ex.c 0x00000000   Number         0  stm32f4xx_hal_pwr_ex.o ABSOLUTE
    C:\\KEIL_V5\\ARM\\PACK\\Keil\\STM32F4xx_DFP\\2.11.0\\Drivers\\STM32F4xx_HAL_Driver\\Src\\stm32f4xx_hal_rcc.c 0x00000000   Number         0  stm32f4xx_hal_rcc.o ABSOLUTE
    C:\\KEIL_V5\\ARM\\PACK\\Keil\\STM32F4xx_DFP\\2.11.0\\Drivers\\STM32F4xx_HAL_Driver\\Src\\stm32f4xx_hal_rcc_ex.c 0x00000000   Number         0  stm32f4xx_hal_rcc_ex.o ABSOLUTE
    C:\\KEIL_V5\\ARM\\PACK\\Keil\\STM32F4xx_DFP\\2.11.0\\MDK\\Boards\\ST\\STM32F429I-Discovery\\Common\\Buttons_F429Discovery.c 0x00000000   Number         0  buttons_f429discovery.o ABSOLUTE
    C:\\KEIL_V5\\ARM\\PACK\\Keil\\STM32F4xx_DFP\\2.11.0\\MDK\\Boards\\ST\\STM32F429I-Discovery\\Common\\LED_F429Discovery.c 0x00000000   Number         0  led_f429discovery.o ABSOLUTE
    RTE\Device\STM32F407VGTx\startup_stm32f407xx.s 0x00000000   Number         0  startup_stm32f407xx.o ABSOLUTE
    RTE\Device\STM32F407VGTx\system_stm32f4xx.c 0x00000000   Number         0  system_stm32f4xx.o ABSOLUTE
    RTE\\Device\\STM32F407VGTx\\system_stm32f4xx.c 0x00000000   Number         0  system_stm32f4xx.o ABSOLUTE
    Report_version.c                         0x00000000   Number         0  report_version.o ABSOLUTE
    Report_version.c                         0x00000000   Number         0  report_version.o ABSOLUTE
    dc.s                                     0x00000000   Number         0  dc.o ABSOLUTE
    RESET                                    0x08000000   Section      392  startup_stm32f407xx.o(RESET)
    !!!main                                  0x08000188   Section        8  __main.o(!!!main)
    !!!scatter                               0x08000190   Section       52  __scatter.o(!!!scatter)
    !!handler_copy                           0x080001c4   Section       26  __scatter_copy.o(!!handler_copy)
    !!handler_zi                             0x080001e0   Section       28  __scatter_zi.o(!!handler_zi)
    .ARM.Collect$$_printf_percent$$00000000  0x080001fc   Section        0  _printf_percent.o(.ARM.Collect$$_printf_percent$$00000000)
    .ARM.Collect$$_printf_percent$$00000003  0x080001fc   Section        6  _printf_f.o(.ARM.Collect$$_printf_percent$$00000003)
    .ARM.Collect$$_printf_percent$$00000017  0x08000202   Section        4  _printf_percent_end.o(.ARM.Collect$$_printf_percent$$00000017)
    .ARM.Collect$$libinit$$00000000          0x08000206   Section        2  libinit.o(.ARM.Collect$$libinit$$00000000)
    .ARM.Collect$$libinit$$00000001          0x08000208   Section        4  libinit2.o(.ARM.Collect$$libinit$$00000001)
    .ARM.Collect$$libinit$$00000004          0x0800020c   Section        0  libinit2.o(.ARM.Collect$$libinit$$00000004)
    .ARM.Collect$$libinit$$0000000A          0x0800020c   Section        0  libinit2.o(.ARM.Collect$$libinit$$0000000A)
    .ARM.Collect$$libinit$$0000000C          0x0800020c   Section        0  libinit2.o(.ARM.Collect$$libinit$$0000000C)
    .ARM.Collect$$libinit$$0000000E          0x0800020c   Section        0  libinit2.o(.ARM.Collect$$libinit$$0000000E)
    .ARM.Collect$$libinit$$0000000F          0x0800020c   Section        6  libinit2.o(.ARM.Collect$$libinit$$0000000F)
    .ARM.Collect$$libinit$$00000011          0x08000212   Section        0  libinit2.o(.ARM.Collect$$libinit$$00000011)
    .ARM.Collect$$libinit$$00000013          0x08000212   Section        0  libinit2.o(.ARM.Collect$$libinit$$00000013)
    .ARM.Collect$$libinit$$00000015          0x08000212   Section        0  libinit2.o(.ARM.Collect$$libinit$$00000015)
    .ARM.Collect$$libinit$$00000016          0x08000212   Section       10  libinit2.o(.ARM.Collect$$libinit$$00000016)
    .ARM.Collect$$libinit$$00000017          0x0800021c   Section        0  libinit2.o(.ARM.Collect$$libinit$$00000017)
    .ARM.Collect$$libinit$$00000019          0x0800021c   Section        0  libinit2.o(.ARM.Collect$$libinit$$00000019)
    .ARM.Collect$$libinit$$0000001B          0x0800021c   Section        0  libinit2.o(.ARM.Collect$$libinit$$0000001B)
    .ARM.Collect$$libinit$$0000001D          0x0800021c   Section        0  libinit2.o(.ARM.Collect$$libinit$$0000001D)
    .ARM.Collect$$libinit$$0000001F          0x0800021c   Section        0  libinit2.o(.ARM.Collect$$libinit$$0000001F)
    .ARM.Collect$$libinit$$00000021          0x0800021c   Section        0  libinit2.o(.ARM.Collect$$libinit$$00000021)
    .ARM.Collect$$libinit$$00000023          0x0800021c   Section        0  libinit2.o(.ARM.Collect$$libinit$$00000023)
    .ARM.Collect$$libinit$$00000025          0x0800021c   Section        0  libinit2.o(.ARM.Collect$$libinit$$00000025)
    .ARM.Collect$$libinit$$0000002C          0x0800021c   Section        0  libinit2.o(.ARM.Collect$$libinit$$0000002C)
    .ARM.Collect$$libinit$$0000002E          0x0800021c   Section        0  libinit2.o(.ARM.Collect$$libinit$$0000002E)
    .ARM.Collect$$libinit$$00000030          0x0800021c   Section        0  libinit2.o(.ARM.Collect$$libinit$$00000030)
    .ARM.Collect$$libinit$$00000032          0x0800021c   Section        0  libinit2.o(.ARM.Collect$$libinit$$00000032)
    .ARM.Collect$$libinit$$00000033          0x0800021c   Section        2  libinit2.o(.ARM.Collect$$libinit$$00000033)
    .ARM.Collect$$libshutdown$$00000000      0x0800021e   Section        2  libshutdown.o(.ARM.Collect$$libshutdown$$00000000)
    .ARM.Collect$$libshutdown$$00000002      0x08000220   Section        0  libshutdown2.o(.ARM.Collect$$libshutdown$$00000002)
    .ARM.Collect$$libshutdown$$00000004      0x08000220   Section        0  libshutdown2.o(.ARM.Collect$$libshutdown$$00000004)
    .ARM.Collect$$libshutdown$$00000007      0x08000220   Section        0  libshutdown2.o(.ARM.Collect$$libshutdown$$00000007)
    .ARM.Collect$$libshutdown$$0000000A      0x08000220   Section        0  libshutdown2.o(.ARM.Collect$$libshutdown$$0000000A)
    .ARM.Collect$$libshutdown$$0000000C      0x08000220   Section        0  libshutdown2.o(.ARM.Collect$$libshutdown$$0000000C)
    .ARM.Collect$$libshutdown$$0000000F      0x08000220   Section        0  libshutdown2.o(.ARM.Collect$$libshutdown$$0000000F)
    .ARM.Collect$$libshutdown$$00000010      0x08000220   Section        2  libshutdown2.o(.ARM.Collect$$libshutdown$$00000010)
    .ARM.Collect$$rtentry$$00000000          0x08000222   Section        0  __rtentry.o(.ARM.Collect$$rtentry$$00000000)
    .ARM.Collect$$rtentry$$00000002          0x08000222   Section        0  __rtentry2.o(.ARM.Collect$$rtentry$$00000002)
    .ARM.Collect$$rtentry$$00000004          0x08000222   Section        6  __rtentry4.o(.ARM.Collect$$rtentry$$00000004)
    .ARM.Collect$$rtentry$$00000009          0x08000228   Section        0  __rtentry2.o(.ARM.Collect$$rtentry$$00000009)
    .ARM.Collect$$rtentry$$0000000A          0x08000228   Section        4  __rtentry2.o(.ARM.Collect$$rtentry$$0000000A)
    .ARM.Collect$$rtentry$$0000000C          0x0800022c   Section        0  __rtentry2.o(.ARM.Collect$$rtentry$$0000000C)
    .ARM.Collect$$rtentry$$0000000D          0x0800022c   Section        8  __rtentry2.o(.ARM.Collect$$rtentry$$0000000D)
    .ARM.Collect$$rtexit$$00000000           0x08000234   Section        2  rtexit.o(.ARM.Collect$$rtexit$$00000000)
    .ARM.Collect$$rtexit$$00000002           0x08000236   Section        0  rtexit2.o(.ARM.Collect$$rtexit$$00000002)
    .ARM.Collect$$rtexit$$00000003           0x08000236   Section        4  rtexit2.o(.ARM.Collect$$rtexit$$00000003)
    .ARM.Collect$$rtexit$$00000004           0x0800023a   Section        6  rtexit2.o(.ARM.Collect$$rtexit$$00000004)
    .text                                    0x08000240   Section       64  startup_stm32f407xx.o(.text)
    $v0                                      0x08000240   Number         0  startup_stm32f407xx.o(.text)
    .text                                    0x08000280   Section        0  noretval__2sprintf.o(.text)
    .text                                    0x080002a8   Section        0  __printf_flags_wp.o(.text)
    .text                                    0x080003e0   Section        0  heapauxi.o(.text)
    .text                                    0x080003e6   Section        0  _printf_fp_dec.o(.text)
    _fp_digits                               0x080003e9   Thumb Code   428  _printf_fp_dec.o(.text)
    .text                                    0x08000800   Section        0  _printf_char_common.o(.text)
    _printf_input_char                       0x08000801   Thumb Code    10  _printf_char_common.o(.text)
    .text                                    0x08000830   Section        0  _sputc.o(.text)
    .text                                    0x0800083c   Section        8  rt_locale_intlibspace.o(.text)
    .text                                    0x08000844   Section      138  lludiv10.o(.text)
    .text                                    0x080008d0   Section        0  _printf_fp_infnan.o(.text)
    .text                                    0x08000950   Section        0  bigflt0.o(.text)
    .text                                    0x08000a2c   Section        8  libspace.o(.text)
    .text                                    0x08000a34   Section       74  sys_stackheap_outer.o(.text)
    .text                                    0x08000a7e   Section        0  exit.o(.text)
    .text                                    0x08000a90   Section      128  strcmpv7m.o(.text)
    .text                                    0x08000b10   Section        0  sys_exit.o(.text)
    .text                                    0x08000b1c   Section        2  use_no_semi.o(.text)
    .text                                    0x08000b1e   Section        0  indicate_semi.o(.text)
    CL$$btod_d2e                             0x08000b1e   Section       62  btod.o(CL$$btod_d2e)
    CL$$btod_d2e_denorm_low                  0x08000b5c   Section       70  btod.o(CL$$btod_d2e_denorm_low)
    CL$$btod_d2e_norm_op1                    0x08000ba2   Section       96  btod.o(CL$$btod_d2e_norm_op1)
    CL$$btod_div_common                      0x08000c02   Section      824  btod.o(CL$$btod_div_common)
    CL$$btod_e2e                             0x08000f3a   Section      198  btod.o(CL$$btod_e2e)
    CL$$btod_ediv                            0x08001000   Section       40  btod.o(CL$$btod_ediv)
    CL$$btod_emul                            0x08001028   Section       40  btod.o(CL$$btod_emul)
    CL$$btod_mult_common                     0x08001050   Section      580  btod.o(CL$$btod_mult_common)
    i.ADC1_init                              0x08001294   Section        0  adc.o(i.ADC1_init)
    i.CheckButton                            0x080012f8   Section        0  report_version.o(i.CheckButton)
    i.CheckPushbutton                        0x0800133c   Section        0  report_version.o(i.CheckPushbutton)
    i.CheckReleasebutton                     0x08001368   Section        0  report_version.o(i.CheckReleasebutton)
    i.EXTI4_IRQHandler                       0x08001394   Section        0  report_version.o(i.EXTI4_IRQHandler)
    i.Mode                                   0x080013d8   Section        0  report_version.o(i.Mode)
    i.PB_LCD_Clear                           0x08001bbc   Section        0  pb_lcd_drivers.o(i.PB_LCD_Clear)
    i.PB_LCD_GoToXY                          0x08001bd2   Section        0  pb_lcd_drivers.o(i.PB_LCD_GoToXY)
    i.PB_LCD_Init                            0x08001c08   Section        0  pb_lcd_drivers.o(i.PB_LCD_Init)
    i.PB_LCD_IsBusy                          0x08001d28   Section        0  pb_lcd_drivers.o(i.PB_LCD_IsBusy)
    i.PB_LCD_Microdelay                      0x08001dc0   Section        0  pb_lcd_drivers.o(i.PB_LCD_Microdelay)
    i.PB_LCD_Set_As_Input                    0x08001e0c   Section        0  pb_lcd_drivers.o(i.PB_LCD_Set_As_Input)
    i.PB_LCD_Set_As_Output                   0x08001e2c   Section        0  pb_lcd_drivers.o(i.PB_LCD_Set_As_Output)
    i.PB_LCD_Write                           0x08001e6c   Section        0  pb_lcd_drivers.o(i.PB_LCD_Write)
    i.PB_LCD_WriteString                     0x08001eec   Section        0  pb_lcd_drivers.o(i.PB_LCD_WriteString)
    i.ReadCurrent                            0x08001f18   Section        0  report_version.o(i.ReadCurrent)
    i.ReadResistance                         0x08001fac   Section        0  report_version.o(i.ReadResistance)
    i.ReadVoltage                            0x080024a0   Section        0  report_version.o(i.ReadVoltage)
    i.SysTick_Handler                        0x08002750   Section        0  report_version.o(i.SysTick_Handler)
    i.SystemCoreClockUpdate                  0x08002770   Section        0  system_stm32f4xx.o(i.SystemCoreClockUpdate)
    i.SystemInit                             0x08002830   Section        0  system_stm32f4xx.o(i.SystemInit)
    i.__ARM_fpclassify                       0x08002894   Section        0  fpclassify.o(i.__ARM_fpclassify)
    i._is_digit                              0x080028c4   Section        0  __printf_wp.o(i._is_digit)
    i.initialiseButton                       0x080028d4   Section        0  report_version.o(i.initialiseButton)
    i.initialiseLEDs                         0x08002914   Section        0  report_version.o(i.initialiseLEDs)
    i.main                                   0x0800293c   Section        0  report_version.o(i.main)
    i.read_ADC1                              0x08002a58   Section        0  adc.o(i.read_ADC1)
    locale$$code                             0x08002a7c   Section       44  lc_numeric_c.o(locale$$code)
    x$fpl$d2f                                0x08002aa8   Section       98  d2f.o(x$fpl$d2f)
    $v0                                      0x08002aa8   Number         0  d2f.o(x$fpl$d2f)
    x$fpl$dadd                               0x08002b0c   Section      336  daddsub_clz.o(x$fpl$dadd)
    $v0                                      0x08002b0c   Number         0  daddsub_clz.o(x$fpl$dadd)
    _dadd1                                   0x08002b1d   Thumb Code     0  daddsub_clz.o(x$fpl$dadd)
    x$fpl$dcmpinf                            0x08002c5c   Section       24  dcmpi.o(x$fpl$dcmpinf)
    $v0                                      0x08002c5c   Number         0  dcmpi.o(x$fpl$dcmpinf)
    x$fpl$ddiv                               0x08002c74   Section      688  ddiv.o(x$fpl$ddiv)
    $v0                                      0x08002c74   Number         0  ddiv.o(x$fpl$ddiv)
    ddiv_entry                               0x08002c7b   Thumb Code     0  ddiv.o(x$fpl$ddiv)
    x$fpl$deqf                               0x08002f24   Section      120  deqf.o(x$fpl$deqf)
    $v0                                      0x08002f24   Number         0  deqf.o(x$fpl$deqf)
    x$fpl$dleqf                              0x08002f9c   Section      120  dleqf.o(x$fpl$dleqf)
    $v0                                      0x08002f9c   Number         0  dleqf.o(x$fpl$dleqf)
    x$fpl$dmul                               0x08003014   Section      340  dmul.o(x$fpl$dmul)
    $v0                                      0x08003014   Number         0  dmul.o(x$fpl$dmul)
    x$fpl$dnaninf                            0x08003168   Section      156  dnaninf.o(x$fpl$dnaninf)
    $v0                                      0x08003168   Number         0  dnaninf.o(x$fpl$dnaninf)
    x$fpl$dretinf                            0x08003204   Section       12  dretinf.o(x$fpl$dretinf)
    $v0                                      0x08003204   Number         0  dretinf.o(x$fpl$dretinf)
    x$fpl$drleqf                             0x08003210   Section      108  drleqf.o(x$fpl$drleqf)
    $v0                                      0x08003210   Number         0  drleqf.o(x$fpl$drleqf)
    x$fpl$dsub                               0x0800327c   Section      468  daddsub_clz.o(x$fpl$dsub)
    $v0                                      0x0800327c   Number         0  daddsub_clz.o(x$fpl$dsub)
    _dsub1                                   0x0800328d   Thumb Code     0  daddsub_clz.o(x$fpl$dsub)
    x$fpl$f2d                                0x08003450   Section       86  f2d.o(x$fpl$f2d)
    $v0                                      0x08003450   Number         0  f2d.o(x$fpl$f2d)
    x$fpl$fnaninf                            0x080034a6   Section      140  fnaninf.o(x$fpl$fnaninf)
    $v0                                      0x080034a6   Number         0  fnaninf.o(x$fpl$fnaninf)
    x$fpl$fpinit                             0x08003532   Section       10  fpinit.o(x$fpl$fpinit)
    $v0                                      0x08003532   Number         0  fpinit.o(x$fpl$fpinit)
    x$fpl$fretinf                            0x0800353c   Section       10  fretinf.o(x$fpl$fretinf)
    $v0                                      0x0800353c   Number         0  fretinf.o(x$fpl$fretinf)
    x$fpl$printf1                            0x08003546   Section        4  printf1.o(x$fpl$printf1)
    $v0                                      0x08003546   Number         0  printf1.o(x$fpl$printf1)
    .constdata                               0x0800354a   Section       24  system_stm32f4xx.o(.constdata)
    x$fpl$usenofp                            0x0800354a   Section        0  usenofp.o(x$fpl$usenofp)
    .constdata                               0x08003562   Section       17  __printf_flags_wp.o(.constdata)
    maptable                                 0x08003562   Data          17  __printf_flags_wp.o(.constdata)
    .constdata                               0x08003574   Section      148  bigflt0.o(.constdata)
    tenpwrs_x                                0x08003574   Data          60  bigflt0.o(.constdata)
    tenpwrs_i                                0x080035b0   Data          64  bigflt0.o(.constdata)
    locale$$data                             0x08003628   Section       28  lc_numeric_c.o(locale$$data)
    __lcnum_c_name                           0x0800362c   Data           2  lc_numeric_c.o(locale$$data)
    __lcnum_c_start                          0x08003634   Data           0  lc_numeric_c.o(locale$$data)
    __lcnum_c_point                          0x08003640   Data           0  lc_numeric_c.o(locale$$data)
    __lcnum_c_thousands                      0x08003642   Data           0  lc_numeric_c.o(locale$$data)
    __lcnum_c_grouping                       0x08003643   Data           0  lc_numeric_c.o(locale$$data)
    __lcnum_c_end                            0x08003644   Data           0  lc_numeric_c.o(locale$$data)
    .data                                    0x20000000   Section       28  report_version.o(.data)
    .data                                    0x2000001c   Section        4  system_stm32f4xx.o(.data)
    .bss                                     0x20000020   Section       70  report_version.o(.bss)
    .bss                                     0x20000068   Section       96  libspace.o(.bss)
    HEAP                                     0x200000c8   Section      512  startup_stm32f407xx.o(HEAP)
    Heap_Mem                                 0x200000c8   Data         512  startup_stm32f407xx.o(HEAP)
    STACK                                    0x200002c8   Section     1024  startup_stm32f407xx.o(STACK)
    Stack_Mem                                0x200002c8   Data        1024  startup_stm32f407xx.o(STACK)
    __initial_sp                             0x200006c8   Data           0  startup_stm32f407xx.o(STACK)

    Global Symbols

    Symbol Name                              Value     Ov Type        Size  Object(Section)

    BuildAttributes$$THM_ISAv4$E$P$D$K$B$S$7EM$VFPi3$EXTD16$VFPS$VFMA$PE$A:L22UL41UL21$X:L11$S22US41US21$IEEE1$IW$USESV6$~STKCKD$USESV7$~SHL$OTIME$ROPI$IEEEJ$EBA8$UX$STANDARDLIB$REQ8$PRES8$EABIv2 0x00000000   Number         0  anon$$obj.o ABSOLUTE
    __ARM_use_no_argv                        0x00000000   Number         0  report_version.o ABSOLUTE
    _printf_flags                            0x00000000   Number         0  printf_stubs.o ABSOLUTE
    _printf_return_value                     0x00000000   Number         0  printf_stubs.o ABSOLUTE
    _printf_sizespec                         0x00000000   Number         0  printf_stubs.o ABSOLUTE
    _printf_widthprec                        0x00000000   Number         0  printf_stubs.o ABSOLUTE
    __ARM_exceptions_init                     - Undefined Weak Reference
    __alloca_initialize                       - Undefined Weak Reference
    __arm_preinit_                            - Undefined Weak Reference
    __cpp_initialize__aeabi_                  - Undefined Weak Reference
    __cxa_finalize                            - Undefined Weak Reference
    __sigvec_lookup                           - Undefined Weak Reference
    _atexit_init                              - Undefined Weak Reference
    _call_atexit_fns                          - Undefined Weak Reference
    _clock_init                               - Undefined Weak Reference
    _fp_trap_init                             - Undefined Weak Reference
    _fp_trap_shutdown                         - Undefined Weak Reference
    _get_lc_collate                           - Undefined Weak Reference
    _get_lc_ctype                             - Undefined Weak Reference
    _get_lc_monetary                          - Undefined Weak Reference
    _get_lc_time                              - Undefined Weak Reference
    _getenv_init                              - Undefined Weak Reference
    _handle_redirection                       - Undefined Weak Reference
    _init_alloc                               - Undefined Weak Reference
    _init_user_alloc                          - Undefined Weak Reference
    _initio                                   - Undefined Weak Reference
    _printf_post_padding                      - Undefined Weak Reference
    _printf_pre_padding                       - Undefined Weak Reference
    _rand_init                                - Undefined Weak Reference
    _signal_finish                            - Undefined Weak Reference
    _signal_init                              - Undefined Weak Reference
    _terminate_alloc                          - Undefined Weak Reference
    _terminate_user_alloc                     - Undefined Weak Reference
    _terminateio                              - Undefined Weak Reference
    __Vectors_Size                           0x00000188   Number         0  startup_stm32f407xx.o ABSOLUTE
    __Vectors                                0x08000000   Data           4  startup_stm32f407xx.o(RESET)
    __Vectors_End                            0x08000188   Data           0  startup_stm32f407xx.o(RESET)
    __main                                   0x08000189   Thumb Code     8  __main.o(!!!main)
    __scatterload                            0x08000191   Thumb Code     0  __scatter.o(!!!scatter)
    __scatterload_rt2                        0x08000191   Thumb Code    44  __scatter.o(!!!scatter)
    __scatterload_rt2_thumb_only             0x08000191   Thumb Code     0  __scatter.o(!!!scatter)
    __scatterload_null                       0x0800019f   Thumb Code     0  __scatter.o(!!!scatter)
    __scatterload_copy                       0x080001c5   Thumb Code    26  __scatter_copy.o(!!handler_copy)
    __scatterload_zeroinit                   0x080001e1   Thumb Code    28  __scatter_zi.o(!!handler_zi)
    _printf_f                                0x080001fd   Thumb Code     0  _printf_f.o(.ARM.Collect$$_printf_percent$$00000003)
    _printf_percent                          0x080001fd   Thumb Code     0  _printf_percent.o(.ARM.Collect$$_printf_percent$$00000000)
    _printf_percent_end                      0x08000203   Thumb Code     0  _printf_percent_end.o(.ARM.Collect$$_printf_percent$$00000017)
    __rt_lib_init                            0x08000207   Thumb Code     0  libinit.o(.ARM.Collect$$libinit$$00000000)
    __rt_lib_init_fp_1                       0x08000209   Thumb Code     0  libinit2.o(.ARM.Collect$$libinit$$00000001)
    __rt_lib_init_heap_1                     0x0800020d   Thumb Code     0  libinit2.o(.ARM.Collect$$libinit$$0000000A)
    __rt_lib_init_lc_common                  0x0800020d   Thumb Code     0  libinit2.o(.ARM.Collect$$libinit$$0000000F)
    __rt_lib_init_preinit_1                  0x0800020d   Thumb Code     0  libinit2.o(.ARM.Collect$$libinit$$00000004)
    __rt_lib_init_rand_1                     0x0800020d   Thumb Code     0  libinit2.o(.ARM.Collect$$libinit$$0000000E)
    __rt_lib_init_user_alloc_1               0x0800020d   Thumb Code     0  libinit2.o(.ARM.Collect$$libinit$$0000000C)
    __rt_lib_init_lc_collate_1               0x08000213   Thumb Code     0  libinit2.o(.ARM.Collect$$libinit$$00000011)
    __rt_lib_init_lc_ctype_1                 0x08000213   Thumb Code     0  libinit2.o(.ARM.Collect$$libinit$$00000013)
    __rt_lib_init_lc_monetary_1              0x08000213   Thumb Code     0  libinit2.o(.ARM.Collect$$libinit$$00000015)
    __rt_lib_init_lc_numeric_2               0x08000213   Thumb Code     0  libinit2.o(.ARM.Collect$$libinit$$00000016)
    __rt_lib_init_alloca_1                   0x0800021d   Thumb Code     0  libinit2.o(.ARM.Collect$$libinit$$0000002E)
    __rt_lib_init_argv_1                     0x0800021d   Thumb Code     0  libinit2.o(.ARM.Collect$$libinit$$0000002C)
    __rt_lib_init_atexit_1                   0x0800021d   Thumb Code     0  libinit2.o(.ARM.Collect$$libinit$$0000001B)
    __rt_lib_init_clock_1                    0x0800021d   Thumb Code     0  libinit2.o(.ARM.Collect$$libinit$$00000021)
    __rt_lib_init_cpp_1                      0x0800021d   Thumb Code     0  libinit2.o(.ARM.Collect$$libinit$$00000032)
    __rt_lib_init_exceptions_1               0x0800021d   Thumb Code     0  libinit2.o(.ARM.Collect$$libinit$$00000030)
    __rt_lib_init_fp_trap_1                  0x0800021d   Thumb Code     0  libinit2.o(.ARM.Collect$$libinit$$0000001F)
    __rt_lib_init_getenv_1                   0x0800021d   Thumb Code     0  libinit2.o(.ARM.Collect$$libinit$$00000023)
    __rt_lib_init_lc_numeric_1               0x0800021d   Thumb Code     0  libinit2.o(.ARM.Collect$$libinit$$00000017)
    __rt_lib_init_lc_time_1                  0x0800021d   Thumb Code     0  libinit2.o(.ARM.Collect$$libinit$$00000019)
    __rt_lib_init_return                     0x0800021d   Thumb Code     0  libinit2.o(.ARM.Collect$$libinit$$00000033)
    __rt_lib_init_signal_1                   0x0800021d   Thumb Code     0  libinit2.o(.ARM.Collect$$libinit$$0000001D)
    __rt_lib_init_stdio_1                    0x0800021d   Thumb Code     0  libinit2.o(.ARM.Collect$$libinit$$00000025)
    __rt_lib_shutdown                        0x0800021f   Thumb Code     0  libshutdown.o(.ARM.Collect$$libshutdown$$00000000)
    __rt_lib_shutdown_cpp_1                  0x08000221   Thumb Code     0  libshutdown2.o(.ARM.Collect$$libshutdown$$00000002)
    __rt_lib_shutdown_fp_trap_1              0x08000221   Thumb Code     0  libshutdown2.o(.ARM.Collect$$libshutdown$$00000007)
    __rt_lib_shutdown_heap_1                 0x08000221   Thumb Code     0  libshutdown2.o(.ARM.Collect$$libshutdown$$0000000F)
    __rt_lib_shutdown_return                 0x08000221   Thumb Code     0  libshutdown2.o(.ARM.Collect$$libshutdown$$00000010)
    __rt_lib_shutdown_signal_1               0x08000221   Thumb Code     0  libshutdown2.o(.ARM.Collect$$libshutdown$$0000000A)
    __rt_lib_shutdown_stdio_1                0x08000221   Thumb Code     0  libshutdown2.o(.ARM.Collect$$libshutdown$$00000004)
    __rt_lib_shutdown_user_alloc_1           0x08000221   Thumb Code     0  libshutdown2.o(.ARM.Collect$$libshutdown$$0000000C)
    __rt_entry                               0x08000223   Thumb Code     0  __rtentry.o(.ARM.Collect$$rtentry$$00000000)
    __rt_entry_presh_1                       0x08000223   Thumb Code     0  __rtentry2.o(.ARM.Collect$$rtentry$$00000002)
    __rt_entry_sh                            0x08000223   Thumb Code     0  __rtentry4.o(.ARM.Collect$$rtentry$$00000004)
    __rt_entry_li                            0x08000229   Thumb Code     0  __rtentry2.o(.ARM.Collect$$rtentry$$0000000A)
    __rt_entry_postsh_1                      0x08000229   Thumb Code     0  __rtentry2.o(.ARM.Collect$$rtentry$$00000009)
    __rt_entry_main                          0x0800022d   Thumb Code     0  __rtentry2.o(.ARM.Collect$$rtentry$$0000000D)
    __rt_entry_postli_1                      0x0800022d   Thumb Code     0  __rtentry2.o(.ARM.Collect$$rtentry$$0000000C)
    __rt_exit                                0x08000235   Thumb Code     0  rtexit.o(.ARM.Collect$$rtexit$$00000000)
    __rt_exit_ls                             0x08000237   Thumb Code     0  rtexit2.o(.ARM.Collect$$rtexit$$00000003)
    __rt_exit_prels_1                        0x08000237   Thumb Code     0  rtexit2.o(.ARM.Collect$$rtexit$$00000002)
    __rt_exit_exit                           0x0800023b   Thumb Code     0  rtexit2.o(.ARM.Collect$$rtexit$$00000004)
    Reset_Handler                            0x08000241   Thumb Code     8  startup_stm32f407xx.o(.text)
    NMI_Handler                              0x08000249   Thumb Code     2  startup_stm32f407xx.o(.text)
    HardFault_Handler                        0x0800024b   Thumb Code     2  startup_stm32f407xx.o(.text)
    MemManage_Handler                        0x0800024d   Thumb Code     2  startup_stm32f407xx.o(.text)
    BusFault_Handler                         0x0800024f   Thumb Code     2  startup_stm32f407xx.o(.text)
    UsageFault_Handler                       0x08000251   Thumb Code     2  startup_stm32f407xx.o(.text)
    SVC_Handler                              0x08000253   Thumb Code     2  startup_stm32f407xx.o(.text)
    DebugMon_Handler                         0x08000255   Thumb Code     2  startup_stm32f407xx.o(.text)
    PendSV_Handler                           0x08000257   Thumb Code     2  startup_stm32f407xx.o(.text)
    ADC_IRQHandler                           0x0800025b   Thumb Code     0  startup_stm32f407xx.o(.text)
    CAN1_RX0_IRQHandler                      0x0800025b   Thumb Code     0  startup_stm32f407xx.o(.text)
    CAN1_RX1_IRQHandler                      0x0800025b   Thumb Code     0  startup_stm32f407xx.o(.text)
    CAN1_SCE_IRQHandler                      0x0800025b   Thumb Code     0  startup_stm32f407xx.o(.text)
    CAN1_TX_IRQHandler                       0x0800025b   Thumb Code     0  startup_stm32f407xx.o(.text)
    CAN2_RX0_IRQHandler                      0x0800025b   Thumb Code     0  startup_stm32f407xx.o(.text)
    CAN2_RX1_IRQHandler                      0x0800025b   Thumb Code     0  startup_stm32f407xx.o(.text)
    CAN2_SCE_IRQHandler                      0x0800025b   Thumb Code     0  startup_stm32f407xx.o(.text)
    CAN2_TX_IRQHandler                       0x0800025b   Thumb Code     0  startup_stm32f407xx.o(.text)
    DCMI_IRQHandler                          0x0800025b   Thumb Code     0  startup_stm32f407xx.o(.text)
    DMA1_Stream0_IRQHandler                  0x0800025b   Thumb Code     0  startup_stm32f407xx.o(.text)
    DMA1_Stream1_IRQHandler                  0x0800025b   Thumb Code     0  startup_stm32f407xx.o(.text)
    DMA1_Stream2_IRQHandler                  0x0800025b   Thumb Code     0  startup_stm32f407xx.o(.text)
    DMA1_Stream3_IRQHandler                  0x0800025b   Thumb Code     0  startup_stm32f407xx.o(.text)
    DMA1_Stream4_IRQHandler                  0x0800025b   Thumb Code     0  startup_stm32f407xx.o(.text)
    DMA1_Stream5_IRQHandler                  0x0800025b   Thumb Code     0  startup_stm32f407xx.o(.text)
    DMA1_Stream6_IRQHandler                  0x0800025b   Thumb Code     0  startup_stm32f407xx.o(.text)
    DMA1_Stream7_IRQHandler                  0x0800025b   Thumb Code     0  startup_stm32f407xx.o(.text)
    DMA2_Stream0_IRQHandler                  0x0800025b   Thumb Code     0  startup_stm32f407xx.o(.text)
    DMA2_Stream1_IRQHandler                  0x0800025b   Thumb Code     0  startup_stm32f407xx.o(.text)
    DMA2_Stream2_IRQHandler                  0x0800025b   Thumb Code     0  startup_stm32f407xx.o(.text)
    DMA2_Stream3_IRQHandler                  0x0800025b   Thumb Code     0  startup_stm32f407xx.o(.text)
    DMA2_Stream4_IRQHandler                  0x0800025b   Thumb Code     0  startup_stm32f407xx.o(.text)
    DMA2_Stream5_IRQHandler                  0x0800025b   Thumb Code     0  startup_stm32f407xx.o(.text)
    DMA2_Stream6_IRQHandler                  0x0800025b   Thumb Code     0  startup_stm32f407xx.o(.text)
    DMA2_Stream7_IRQHandler                  0x0800025b   Thumb Code     0  startup_stm32f407xx.o(.text)
    ETH_IRQHandler                           0x0800025b   Thumb Code     0  startup_stm32f407xx.o(.text)
    ETH_WKUP_IRQHandler                      0x0800025b   Thumb Code     0  startup_stm32f407xx.o(.text)
    EXTI0_IRQHandler                         0x0800025b   Thumb Code     0  startup_stm32f407xx.o(.text)
    EXTI15_10_IRQHandler                     0x0800025b   Thumb Code     0  startup_stm32f407xx.o(.text)
    EXTI1_IRQHandler                         0x0800025b   Thumb Code     0  startup_stm32f407xx.o(.text)
    EXTI2_IRQHandler                         0x0800025b   Thumb Code     0  startup_stm32f407xx.o(.text)
    EXTI3_IRQHandler                         0x0800025b   Thumb Code     0  startup_stm32f407xx.o(.text)
    EXTI9_5_IRQHandler                       0x0800025b   Thumb Code     0  startup_stm32f407xx.o(.text)
    FLASH_IRQHandler                         0x0800025b   Thumb Code     0  startup_stm32f407xx.o(.text)
    FMC_IRQHandler                           0x0800025b   Thumb Code     0  startup_stm32f407xx.o(.text)
    FPU_IRQHandler                           0x0800025b   Thumb Code     0  startup_stm32f407xx.o(.text)
    HASH_RNG_IRQHandler                      0x0800025b   Thumb Code     0  startup_stm32f407xx.o(.text)
    I2C1_ER_IRQHandler                       0x0800025b   Thumb Code     0  startup_stm32f407xx.o(.text)
    I2C1_EV_IRQHandler                       0x0800025b   Thumb Code     0  startup_stm32f407xx.o(.text)
    I2C2_ER_IRQHandler                       0x0800025b   Thumb Code     0  startup_stm32f407xx.o(.text)
    I2C2_EV_IRQHandler                       0x0800025b   Thumb Code     0  startup_stm32f407xx.o(.text)
    I2C3_ER_IRQHandler                       0x0800025b   Thumb Code     0  startup_stm32f407xx.o(.text)
    I2C3_EV_IRQHandler                       0x0800025b   Thumb Code     0  startup_stm32f407xx.o(.text)
    OTG_FS_IRQHandler                        0x0800025b   Thumb Code     0  startup_stm32f407xx.o(.text)
    OTG_FS_WKUP_IRQHandler                   0x0800025b   Thumb Code     0  startup_stm32f407xx.o(.text)
    OTG_HS_EP1_IN_IRQHandler                 0x0800025b   Thumb Code     0  startup_stm32f407xx.o(.text)
    OTG_HS_EP1_OUT_IRQHandler                0x0800025b   Thumb Code     0  startup_stm32f407xx.o(.text)
    OTG_HS_IRQHandler                        0x0800025b   Thumb Code     0  startup_stm32f407xx.o(.text)
    OTG_HS_WKUP_IRQHandler                   0x0800025b   Thumb Code     0  startup_stm32f407xx.o(.text)
    PVD_IRQHandler                           0x0800025b   Thumb Code     0  startup_stm32f407xx.o(.text)
    RCC_IRQHandler                           0x0800025b   Thumb Code     0  startup_stm32f407xx.o(.text)
    RTC_Alarm_IRQHandler                     0x0800025b   Thumb Code     0  startup_stm32f407xx.o(.text)
    RTC_WKUP_IRQHandler                      0x0800025b   Thumb Code     0  startup_stm32f407xx.o(.text)
    SDIO_IRQHandler                          0x0800025b   Thumb Code     0  startup_stm32f407xx.o(.text)
    SPI1_IRQHandler                          0x0800025b   Thumb Code     0  startup_stm32f407xx.o(.text)
    SPI2_IRQHandler                          0x0800025b   Thumb Code     0  startup_stm32f407xx.o(.text)
    SPI3_IRQHandler                          0x0800025b   Thumb Code     0  startup_stm32f407xx.o(.text)
    TAMP_STAMP_IRQHandler                    0x0800025b   Thumb Code     0  startup_stm32f407xx.o(.text)
    TIM1_BRK_TIM9_IRQHandler                 0x0800025b   Thumb Code     0  startup_stm32f407xx.o(.text)
    TIM1_CC_IRQHandler                       0x0800025b   Thumb Code     0  startup_stm32f407xx.o(.text)
    TIM1_TRG_COM_TIM11_IRQHandler            0x0800025b   Thumb Code     0  startup_stm32f407xx.o(.text)
    TIM1_UP_TIM10_IRQHandler                 0x0800025b   Thumb Code     0  startup_stm32f407xx.o(.text)
    TIM2_IRQHandler                          0x0800025b   Thumb Code     0  startup_stm32f407xx.o(.text)
    TIM3_IRQHandler                          0x0800025b   Thumb Code     0  startup_stm32f407xx.o(.text)
    TIM4_IRQHandler                          0x0800025b   Thumb Code     0  startup_stm32f407xx.o(.text)
    TIM5_IRQHandler                          0x0800025b   Thumb Code     0  startup_stm32f407xx.o(.text)
    TIM6_DAC_IRQHandler                      0x0800025b   Thumb Code     0  startup_stm32f407xx.o(.text)
    TIM7_IRQHandler                          0x0800025b   Thumb Code     0  startup_stm32f407xx.o(.text)
    TIM8_BRK_TIM12_IRQHandler                0x0800025b   Thumb Code     0  startup_stm32f407xx.o(.text)
    TIM8_CC_IRQHandler                       0x0800025b   Thumb Code     0  startup_stm32f407xx.o(.text)
    TIM8_TRG_COM_TIM14_IRQHandler            0x0800025b   Thumb Code     0  startup_stm32f407xx.o(.text)
    TIM8_UP_TIM13_IRQHandler                 0x0800025b   Thumb Code     0  startup_stm32f407xx.o(.text)
    UART4_IRQHandler                         0x0800025b   Thumb Code     0  startup_stm32f407xx.o(.text)
    UART5_IRQHandler                         0x0800025b   Thumb Code     0  startup_stm32f407xx.o(.text)
    USART1_IRQHandler                        0x0800025b   Thumb Code     0  startup_stm32f407xx.o(.text)
    USART2_IRQHandler                        0x0800025b   Thumb Code     0  startup_stm32f407xx.o(.text)
    USART3_IRQHandler                        0x0800025b   Thumb Code     0  startup_stm32f407xx.o(.text)
    USART6_IRQHandler                        0x0800025b   Thumb Code     0  startup_stm32f407xx.o(.text)
    WWDG_IRQHandler                          0x0800025b   Thumb Code     0  startup_stm32f407xx.o(.text)
    __user_initial_stackheap                 0x0800025d   Thumb Code     0  startup_stm32f407xx.o(.text)
    __2sprintf                               0x08000281   Thumb Code    34  noretval__2sprintf.o(.text)
    __printf                                 0x080002a9   Thumb Code   308  __printf_flags_wp.o(.text)
    __use_two_region_memory                  0x080003e1   Thumb Code     2  heapauxi.o(.text)
    __rt_heap_escrow$2region                 0x080003e3   Thumb Code     2  heapauxi.o(.text)
    __rt_heap_expand$2region                 0x080003e5   Thumb Code     2  heapauxi.o(.text)
    __lib_sel_fp_printf                      0x080003e7   Thumb Code     2  _printf_fp_dec.o(.text)
    _printf_fp_dec_real                      0x08000595   Thumb Code   620  _printf_fp_dec.o(.text)
    _printf_char_common                      0x0800080b   Thumb Code    32  _printf_char_common.o(.text)
    _sputc                                   0x08000831   Thumb Code    10  _sputc.o(.text)
    __rt_locale                              0x0800083d   Thumb Code     8  rt_locale_intlibspace.o(.text)
    _ll_udiv10                               0x08000845   Thumb Code   138  lludiv10.o(.text)
    _printf_fp_infnan                        0x080008d1   Thumb Code   112  _printf_fp_infnan.o(.text)
    _btod_etento                             0x08000951   Thumb Code   216  bigflt0.o(.text)
    __user_libspace                          0x08000a2d   Thumb Code     8  libspace.o(.text)
    __user_perproc_libspace                  0x08000a2d   Thumb Code     0  libspace.o(.text)
    __user_perthread_libspace                0x08000a2d   Thumb Code     0  libspace.o(.text)
    __user_setup_stackheap                   0x08000a35   Thumb Code    74  sys_stackheap_outer.o(.text)
    exit                                     0x08000a7f   Thumb Code    18  exit.o(.text)
    strcmp                                   0x08000a91   Thumb Code   128  strcmpv7m.o(.text)
    _sys_exit                                0x08000b11   Thumb Code     8  sys_exit.o(.text)
    __I$use$semihosting                      0x08000b1d   Thumb Code     0  use_no_semi.o(.text)
    __use_no_semihosting_swi                 0x08000b1d   Thumb Code     2  use_no_semi.o(.text)
    __semihosting_library_function           0x08000b1f   Thumb Code     0  indicate_semi.o(.text)
    _btod_d2e                                0x08000b1f   Thumb Code    62  btod.o(CL$$btod_d2e)
    _d2e_denorm_low                          0x08000b5d   Thumb Code    70  btod.o(CL$$btod_d2e_denorm_low)
    _d2e_norm_op1                            0x08000ba3   Thumb Code    96  btod.o(CL$$btod_d2e_norm_op1)
    __btod_div_common                        0x08000c03   Thumb Code   696  btod.o(CL$$btod_div_common)
    _e2e                                     0x08000f3b   Thumb Code   198  btod.o(CL$$btod_e2e)
    _btod_ediv                               0x08001001   Thumb Code    40  btod.o(CL$$btod_ediv)
    _btod_emul                               0x08001029   Thumb Code    40  btod.o(CL$$btod_emul)
    __btod_mult_common                       0x08001051   Thumb Code   580  btod.o(CL$$btod_mult_common)
    ADC1_init                                0x08001295   Thumb Code    88  adc.o(i.ADC1_init)
    CheckButton                              0x080012f9   Thumb Code    38  report_version.o(i.CheckButton)
    CheckPushbutton                          0x0800133d   Thumb Code    22  report_version.o(i.CheckPushbutton)
    CheckReleasebutton                       0x08001369   Thumb Code    22  report_version.o(i.CheckReleasebutton)
    EXTI4_IRQHandler                         0x08001395   Thumb Code    46  report_version.o(i.EXTI4_IRQHandler)
    Mode                                     0x080013d9   Thumb Code  1870  report_version.o(i.Mode)
    PB_LCD_Clear                             0x08001bbd   Thumb Code    22  pb_lcd_drivers.o(i.PB_LCD_Clear)
    PB_LCD_GoToXY                            0x08001bd3   Thumb Code    54  pb_lcd_drivers.o(i.PB_LCD_GoToXY)
    PB_LCD_Init                              0x08001c09   Thumb Code   272  pb_lcd_drivers.o(i.PB_LCD_Init)
    PB_LCD_IsBusy                            0x08001d29   Thumb Code   144  pb_lcd_drivers.o(i.PB_LCD_IsBusy)
    PB_LCD_Microdelay                        0x08001dc1   Thumb Code    66  pb_lcd_drivers.o(i.PB_LCD_Microdelay)
    PB_LCD_Set_As_Input                      0x08001e0d   Thumb Code    32  pb_lcd_drivers.o(i.PB_LCD_Set_As_Input)
    PB_LCD_Set_As_Output                     0x08001e2d   Thumb Code    64  pb_lcd_drivers.o(i.PB_LCD_Set_As_Output)
    PB_LCD_Write                             0x08001e6d   Thumb Code   118  pb_lcd_drivers.o(i.PB_LCD_Write)
    PB_LCD_WriteString                       0x08001eed   Thumb Code    42  pb_lcd_drivers.o(i.PB_LCD_WriteString)
    ReadCurrent                              0x08001f19   Thumb Code   120  report_version.o(i.ReadCurrent)
    ReadResistance                           0x08001fad   Thumb Code  1256  report_version.o(i.ReadResistance)
    ReadVoltage                              0x080024a1   Thumb Code   606  report_version.o(i.ReadVoltage)
    SysTick_Handler                          0x08002751   Thumb Code    24  report_version.o(i.SysTick_Handler)
    SystemCoreClockUpdate                    0x08002771   Thumb Code   170  system_stm32f4xx.o(i.SystemCoreClockUpdate)
    SystemInit                               0x08002831   Thumb Code    82  system_stm32f4xx.o(i.SystemInit)
    __ARM_fpclassify                         0x08002895   Thumb Code    48  fpclassify.o(i.__ARM_fpclassify)
    _is_digit                                0x080028c5   Thumb Code    14  __printf_wp.o(i._is_digit)
    initialiseButton                         0x080028d5   Thumb Code    50  report_version.o(i.initialiseButton)
    initialiseLEDs                           0x08002915   Thumb Code    30  report_version.o(i.initialiseLEDs)
    main                                     0x0800293d   Thumb Code   252  report_version.o(i.main)
    read_ADC1                                0x08002a59   Thumb Code    32  adc.o(i.read_ADC1)
    _get_lc_numeric                          0x08002a7d   Thumb Code    44  lc_numeric_c.o(locale$$code)
    __aeabi_d2f                              0x08002aa9   Thumb Code     0  d2f.o(x$fpl$d2f)
    _d2f                                     0x08002aa9   Thumb Code    98  d2f.o(x$fpl$d2f)
    __aeabi_dadd                             0x08002b0d   Thumb Code     0  daddsub_clz.o(x$fpl$dadd)
    _dadd                                    0x08002b0d   Thumb Code   332  daddsub_clz.o(x$fpl$dadd)
    __fpl_dcmp_Inf                           0x08002c5d   Thumb Code    24  dcmpi.o(x$fpl$dcmpinf)
    __aeabi_ddiv                             0x08002c75   Thumb Code     0  ddiv.o(x$fpl$ddiv)
    _ddiv                                    0x08002c75   Thumb Code   552  ddiv.o(x$fpl$ddiv)
    __aeabi_cdcmpeq                          0x08002f25   Thumb Code     0  deqf.o(x$fpl$deqf)
    _dcmpeq                                  0x08002f25   Thumb Code   120  deqf.o(x$fpl$deqf)
    __aeabi_cdcmple                          0x08002f9d   Thumb Code     0  dleqf.o(x$fpl$dleqf)
    _dcmple                                  0x08002f9d   Thumb Code   120  dleqf.o(x$fpl$dleqf)
    __fpl_dcmple_InfNaN                      0x08002fff   Thumb Code     0  dleqf.o(x$fpl$dleqf)
    __aeabi_dmul                             0x08003015   Thumb Code     0  dmul.o(x$fpl$dmul)
    _dmul                                    0x08003015   Thumb Code   332  dmul.o(x$fpl$dmul)
    __fpl_dnaninf                            0x08003169   Thumb Code   156  dnaninf.o(x$fpl$dnaninf)
    __fpl_dretinf                            0x08003205   Thumb Code    12  dretinf.o(x$fpl$dretinf)
    __aeabi_cdrcmple                         0x08003211   Thumb Code     0  drleqf.o(x$fpl$drleqf)
    _drcmple                                 0x08003211   Thumb Code   108  drleqf.o(x$fpl$drleqf)
    __aeabi_dsub                             0x0800327d   Thumb Code     0  daddsub_clz.o(x$fpl$dsub)
    _dsub                                    0x0800327d   Thumb Code   464  daddsub_clz.o(x$fpl$dsub)
    __aeabi_f2d                              0x08003451   Thumb Code     0  f2d.o(x$fpl$f2d)
    _f2d                                     0x08003451   Thumb Code    86  f2d.o(x$fpl$f2d)
    __fpl_fnaninf                            0x080034a7   Thumb Code   140  fnaninf.o(x$fpl$fnaninf)
    _fp_init                                 0x08003533   Thumb Code    10  fpinit.o(x$fpl$fpinit)
    __fplib_config_fpu_vfp                   0x0800353b   Thumb Code     0  fpinit.o(x$fpl$fpinit)
    __fplib_config_pureend_doubles           0x0800353b   Thumb Code     0  fpinit.o(x$fpl$fpinit)
    __fpl_fretinf                            0x0800353d   Thumb Code    10  fretinf.o(x$fpl$fretinf)
    _printf_fp_dec                           0x08003547   Thumb Code     4  printf1.o(x$fpl$printf1)
    AHBPrescTable                            0x0800354a   Data          16  system_stm32f4xx.o(.constdata)
    __I$use$fp                               0x0800354a   Number         0  usenofp.o(x$fpl$usenofp)
    APBPrescTable                            0x0800355a   Data           8  system_stm32f4xx.o(.constdata)
    Region$$Table$$Base                      0x08003608   Number         0  anon$$obj.o(Region$$Table)
    Region$$Table$$Limit                     0x08003628   Number         0  anon$$obj.o(Region$$Table)
    clear                                    0x20000000   Data           4  report_version.o(.data)
    j                                        0x20000004   Data           4  report_version.o(.data)
    delayCount                               0x20000008   Data           2  report_version.o(.data)
    increment                                0x2000000c   Data           4  report_version.o(.data)
    freq                                     0x20000010   Data           4  report_version.o(.data)
    LastCount                                0x20000014   Data           4  report_version.o(.data)
    CountsPerPeriod                          0x20000018   Data           4  report_version.o(.data)
    SystemCoreClock                          0x2000001c   Data           4  system_stm32f4xx.o(.data)
    buffer                                   0x20000020   Data          50  report_version.o(.bss)
    buffer_2                                 0x20000052   Data          20  report_version.o(.bss)
    __libspace_start                         0x20000068   Data          96  libspace.o(.bss)
    __temporary_stack_top$libspace           0x200000c8   Data           0  libspace.o(.bss)



==============================================================================

Memory Map of the image

  Image Entry point : 0x08000241

  Load Region LR_1 (Base: 0x08000000, Size: 0x00003664, Max: 0xffffffff, ABSOLUTE)

    Execution Region ER_RO (Base: 0x08000000, Size: 0x00003644, Max: 0xffffffff, ABSOLUTE)

    Base Addr    Size         Type   Attr      Idx    E Section Name        Object

    0x08000000   0x00000188   Data   RO         1536    RESET               startup_stm32f407xx.o
    0x08000188   0x00000008   Code   RO         1610  * !!!main             c_w.l(__main.o)
    0x08000190   0x00000034   Code   RO         1854    !!!scatter          c_w.l(__scatter.o)
    0x080001c4   0x0000001a   Code   RO         1856    !!handler_copy      c_w.l(__scatter_copy.o)
    0x080001de   0x00000002   PAD
    0x080001e0   0x0000001c   Code   RO         1858    !!handler_zi        c_w.l(__scatter_zi.o)
    0x080001fc   0x00000000   Code   RO         1607    .ARM.Collect$$_printf_percent$$00000000  c_w.l(_printf_percent.o)
    0x080001fc   0x00000006   Code   RO         1606    .ARM.Collect$$_printf_percent$$00000003  c_w.l(_printf_f.o)
    0x08000202   0x00000004   Code   RO         1643    .ARM.Collect$$_printf_percent$$00000017  c_w.l(_printf_percent_end.o)
    0x08000206   0x00000002   Code   RO         1727    .ARM.Collect$$libinit$$00000000  c_w.l(libinit.o)
    0x08000208   0x00000004   Code   RO         1728    .ARM.Collect$$libinit$$00000001  c_w.l(libinit2.o)
    0x0800020c   0x00000000   Code   RO         1731    .ARM.Collect$$libinit$$00000004  c_w.l(libinit2.o)
    0x0800020c   0x00000000   Code   RO         1734    .ARM.Collect$$libinit$$0000000A  c_w.l(libinit2.o)
    0x0800020c   0x00000000   Code   RO         1736    .ARM.Collect$$libinit$$0000000C  c_w.l(libinit2.o)
    0x0800020c   0x00000000   Code   RO         1738    .ARM.Collect$$libinit$$0000000E  c_w.l(libinit2.o)
    0x0800020c   0x00000006   Code   RO         1739    .ARM.Collect$$libinit$$0000000F  c_w.l(libinit2.o)
    0x08000212   0x00000000   Code   RO         1741    .ARM.Collect$$libinit$$00000011  c_w.l(libinit2.o)
    0x08000212   0x00000000   Code   RO         1743    .ARM.Collect$$libinit$$00000013  c_w.l(libinit2.o)
    0x08000212   0x00000000   Code   RO         1745    .ARM.Collect$$libinit$$00000015  c_w.l(libinit2.o)
    0x08000212   0x0000000a   Code   RO         1746    .ARM.Collect$$libinit$$00000016  c_w.l(libinit2.o)
    0x0800021c   0x00000000   Code   RO         1747    .ARM.Collect$$libinit$$00000017  c_w.l(libinit2.o)
    0x0800021c   0x00000000   Code   RO         1749    .ARM.Collect$$libinit$$00000019  c_w.l(libinit2.o)
    0x0800021c   0x00000000   Code   RO         1751    .ARM.Collect$$libinit$$0000001B  c_w.l(libinit2.o)
    0x0800021c   0x00000000   Code   RO         1753    .ARM.Collect$$libinit$$0000001D  c_w.l(libinit2.o)
    0x0800021c   0x00000000   Code   RO         1755    .ARM.Collect$$libinit$$0000001F  c_w.l(libinit2.o)
    0x0800021c   0x00000000   Code   RO         1757    .ARM.Collect$$libinit$$00000021  c_w.l(libinit2.o)
    0x0800021c   0x00000000   Code   RO         1759    .ARM.Collect$$libinit$$00000023  c_w.l(libinit2.o)
    0x0800021c   0x00000000   Code   RO         1761    .ARM.Collect$$libinit$$00000025  c_w.l(libinit2.o)
    0x0800021c   0x00000000   Code   RO         1765    .ARM.Collect$$libinit$$0000002C  c_w.l(libinit2.o)
    0x0800021c   0x00000000   Code   RO         1767    .ARM.Collect$$libinit$$0000002E  c_w.l(libinit2.o)
    0x0800021c   0x00000000   Code   RO         1769    .ARM.Collect$$libinit$$00000030  c_w.l(libinit2.o)
    0x0800021c   0x00000000   Code   RO         1771    .ARM.Collect$$libinit$$00000032  c_w.l(libinit2.o)
    0x0800021c   0x00000002   Code   RO         1772    .ARM.Collect$$libinit$$00000033  c_w.l(libinit2.o)
    0x0800021e   0x00000002   Code   RO         1802    .ARM.Collect$$libshutdown$$00000000  c_w.l(libshutdown.o)
    0x08000220   0x00000000   Code   RO         1813    .ARM.Collect$$libshutdown$$00000002  c_w.l(libshutdown2.o)
    0x08000220   0x00000000   Code   RO         1815    .ARM.Collect$$libshutdown$$00000004  c_w.l(libshutdown2.o)
    0x08000220   0x00000000   Code   RO         1818    .ARM.Collect$$libshutdown$$00000007  c_w.l(libshutdown2.o)
    0x08000220   0x00000000   Code   RO         1821    .ARM.Collect$$libshutdown$$0000000A  c_w.l(libshutdown2.o)
    0x08000220   0x00000000   Code   RO         1823    .ARM.Collect$$libshutdown$$0000000C  c_w.l(libshutdown2.o)
    0x08000220   0x00000000   Code   RO         1826    .ARM.Collect$$libshutdown$$0000000F  c_w.l(libshutdown2.o)
    0x08000220   0x00000002   Code   RO         1827    .ARM.Collect$$libshutdown$$00000010  c_w.l(libshutdown2.o)
    0x08000222   0x00000000   Code   RO         1636    .ARM.Collect$$rtentry$$00000000  c_w.l(__rtentry.o)
    0x08000222   0x00000000   Code   RO         1656    .ARM.Collect$$rtentry$$00000002  c_w.l(__rtentry2.o)
    0x08000222   0x00000006   Code   RO         1668    .ARM.Collect$$rtentry$$00000004  c_w.l(__rtentry4.o)
    0x08000228   0x00000000   Code   RO         1658    .ARM.Collect$$rtentry$$00000009  c_w.l(__rtentry2.o)
    0x08000228   0x00000004   Code   RO         1659    .ARM.Collect$$rtentry$$0000000A  c_w.l(__rtentry2.o)
    0x0800022c   0x00000000   Code   RO         1661    .ARM.Collect$$rtentry$$0000000C  c_w.l(__rtentry2.o)
    0x0800022c   0x00000008   Code   RO         1662    .ARM.Collect$$rtentry$$0000000D  c_w.l(__rtentry2.o)
    0x08000234   0x00000002   Code   RO         1773    .ARM.Collect$$rtexit$$00000000  c_w.l(rtexit.o)
    0x08000236   0x00000000   Code   RO         1780    .ARM.Collect$$rtexit$$00000002  c_w.l(rtexit2.o)
    0x08000236   0x00000004   Code   RO         1781    .ARM.Collect$$rtexit$$00000003  c_w.l(rtexit2.o)
    0x0800023a   0x00000006   Code   RO         1782    .ARM.Collect$$rtexit$$00000004  c_w.l(rtexit2.o)
    0x08000240   0x00000040   Code   RO         1537  * .text               startup_stm32f407xx.o
    0x08000280   0x00000028   Code   RO         1582    .text               c_w.l(noretval__2sprintf.o)
    0x080002a8   0x00000138   Code   RO         1598    .text               c_w.l(__printf_flags_wp.o)
    0x080003e0   0x00000006   Code   RO         1608    .text               c_w.l(heapauxi.o)
    0x080003e6   0x0000041a   Code   RO         1637    .text               c_w.l(_printf_fp_dec.o)
    0x08000800   0x00000030   Code   RO         1639    .text               c_w.l(_printf_char_common.o)
    0x08000830   0x0000000a   Code   RO         1641    .text               c_w.l(_sputc.o)
    0x0800083a   0x00000002   PAD
    0x0800083c   0x00000008   Code   RO         1673    .text               c_w.l(rt_locale_intlibspace.o)
    0x08000844   0x0000008a   Code   RO         1675    .text               c_w.l(lludiv10.o)
    0x080008ce   0x00000002   PAD
    0x080008d0   0x00000080   Code   RO         1677    .text               c_w.l(_printf_fp_infnan.o)
    0x08000950   0x000000dc   Code   RO         1681    .text               c_w.l(bigflt0.o)
    0x08000a2c   0x00000008   Code   RO         1713    .text               c_w.l(libspace.o)
    0x08000a34   0x0000004a   Code   RO         1716    .text               c_w.l(sys_stackheap_outer.o)
    0x08000a7e   0x00000012   Code   RO         1718    .text               c_w.l(exit.o)
    0x08000a90   0x00000080   Code   RO         1720    .text               c_w.l(strcmpv7m.o)
    0x08000b10   0x0000000c   Code   RO         1792    .text               c_w.l(sys_exit.o)
    0x08000b1c   0x00000002   Code   RO         1803    .text               c_w.l(use_no_semi.o)
    0x08000b1e   0x00000000   Code   RO         1805    .text               c_w.l(indicate_semi.o)
    0x08000b1e   0x0000003e   Code   RO         1684    CL$$btod_d2e        c_w.l(btod.o)
    0x08000b5c   0x00000046   Code   RO         1686    CL$$btod_d2e_denorm_low  c_w.l(btod.o)
    0x08000ba2   0x00000060   Code   RO         1685    CL$$btod_d2e_norm_op1  c_w.l(btod.o)
    0x08000c02   0x00000338   Code   RO         1694    CL$$btod_div_common  c_w.l(btod.o)
    0x08000f3a   0x000000c6   Code   RO         1691    CL$$btod_e2e        c_w.l(btod.o)
    0x08001000   0x00000028   Code   RO         1688    CL$$btod_ediv       c_w.l(btod.o)
    0x08001028   0x00000028   Code   RO         1687    CL$$btod_emul       c_w.l(btod.o)
    0x08001050   0x00000244   Code   RO         1693    CL$$btod_mult_common  c_w.l(btod.o)
    0x08001294   0x00000064   Code   RO          183    i.ADC1_init         adc.o
    0x080012f8   0x00000044   Code   RO            8    i.CheckButton       report_version.o
    0x0800133c   0x0000002c   Code   RO            9    i.CheckPushbutton   report_version.o
    0x08001368   0x0000002c   Code   RO           10    i.CheckReleasebutton  report_version.o
    0x08001394   0x00000044   Code   RO           11    i.EXTI4_IRQHandler  report_version.o
    0x080013d8   0x000007e4   Code   RO           12    i.Mode              report_version.o
    0x08001bbc   0x00000016   Code   RO          217    i.PB_LCD_Clear      pb_lcd_drivers.o
    0x08001bd2   0x00000036   Code   RO          218    i.PB_LCD_GoToXY     pb_lcd_drivers.o
    0x08001c08   0x00000120   Code   RO          219    i.PB_LCD_Init       pb_lcd_drivers.o
    0x08001d28   0x00000098   Code   RO          220    i.PB_LCD_IsBusy     pb_lcd_drivers.o
    0x08001dc0   0x0000004c   Code   RO          221    i.PB_LCD_Microdelay  pb_lcd_drivers.o
    0x08001e0c   0x00000020   Code   RO          222    i.PB_LCD_Set_As_Input  pb_lcd_drivers.o
    0x08001e2c   0x00000040   Code   RO          223    i.PB_LCD_Set_As_Output  pb_lcd_drivers.o
    0x08001e6c   0x00000080   Code   RO          224    i.PB_LCD_Write      pb_lcd_drivers.o
    0x08001eec   0x0000002a   Code   RO          226    i.PB_LCD_WriteString  pb_lcd_drivers.o
    0x08001f16   0x00000002   PAD
    0x08001f18   0x00000094   Code   RO           13    i.ReadCurrent       report_version.o
    0x08001fac   0x000004f4   Code   RO           15    i.ReadResistance    report_version.o
    0x080024a0   0x000002b0   Code   RO           16    i.ReadVoltage       report_version.o
    0x08002750   0x00000020   Code   RO           17    i.SysTick_Handler   report_version.o
    0x08002770   0x000000c0   Code   RO         1544    i.SystemCoreClockUpdate  system_stm32f4xx.o
    0x08002830   0x00000064   Code   RO         1545    i.SystemInit        system_stm32f4xx.o
    0x08002894   0x00000030   Code   RO         1711    i.__ARM_fpclassify  m_wm.l(fpclassify.o)
    0x080028c4   0x0000000e   Code   RO         1596    i._is_digit         c_w.l(__printf_wp.o)
    0x080028d2   0x00000002   PAD
    0x080028d4   0x00000040   Code   RO           18    i.initialiseButton  report_version.o
    0x08002914   0x00000028   Code   RO           20    i.initialiseLEDs    report_version.o
    0x0800293c   0x0000011c   Code   RO           21    i.main              report_version.o
    0x08002a58   0x00000024   Code   RO          184    i.read_ADC1         adc.o
    0x08002a7c   0x0000002c   Code   RO         1707    locale$$code        c_w.l(lc_numeric_c.o)
    0x08002aa8   0x00000062   Code   RO         1612    x$fpl$d2f           fz_wm.l(d2f.o)
    0x08002b0a   0x00000002   PAD
    0x08002b0c   0x00000150   Code   RO         1614    x$fpl$dadd          fz_wm.l(daddsub_clz.o)
    0x08002c5c   0x00000018   Code   RO         1644    x$fpl$dcmpinf       fz_wm.l(dcmpi.o)
    0x08002c74   0x000002b0   Code   RO         1621    x$fpl$ddiv          fz_wm.l(ddiv.o)
    0x08002f24   0x00000078   Code   RO         1624    x$fpl$deqf          fz_wm.l(deqf.o)
    0x08002f9c   0x00000078   Code   RO         1626    x$fpl$dleqf         fz_wm.l(dleqf.o)
    0x08003014   0x00000154   Code   RO         1628    x$fpl$dmul          fz_wm.l(dmul.o)
    0x08003168   0x0000009c   Code   RO         1646    x$fpl$dnaninf       fz_wm.l(dnaninf.o)
    0x08003204   0x0000000c   Code   RO         1648    x$fpl$dretinf       fz_wm.l(dretinf.o)
    0x08003210   0x0000006c   Code   RO         1630    x$fpl$drleqf        fz_wm.l(drleqf.o)
    0x0800327c   0x000001d4   Code   RO         1616    x$fpl$dsub          fz_wm.l(daddsub_clz.o)
    0x08003450   0x00000056   Code   RO         1632    x$fpl$f2d           fz_wm.l(f2d.o)
    0x080034a6   0x0000008c   Code   RO         1650    x$fpl$fnaninf       fz_wm.l(fnaninf.o)
    0x08003532   0x0000000a   Code   RO         1777    x$fpl$fpinit        fz_wm.l(fpinit.o)
    0x0800353c   0x0000000a   Code   RO         1652    x$fpl$fretinf       fz_wm.l(fretinf.o)
    0x08003546   0x00000004   Code   RO         1634    x$fpl$printf1       fz_wm.l(printf1.o)
    0x0800354a   0x00000000   Code   RO         1654    x$fpl$usenofp       fz_wm.l(usenofp.o)
    0x0800354a   0x00000018   Data   RO         1546    .constdata          system_stm32f4xx.o
    0x08003562   0x00000011   Data   RO         1599    .constdata          c_w.l(__printf_flags_wp.o)
    0x08003573   0x00000001   PAD
    0x08003574   0x00000094   Data   RO         1682    .constdata          c_w.l(bigflt0.o)
    0x08003608   0x00000020   Data   RO         1852    Region$$Table       anon$$obj.o
    0x08003628   0x0000001c   Data   RO         1706    locale$$data        c_w.l(lc_numeric_c.o)


    Execution Region ER_RW (Base: 0x20000000, Size: 0x00000020, Max: 0xffffffff, ABSOLUTE)

    Base Addr    Size         Type   Attr      Idx    E Section Name        Object

    0x20000000   0x0000001c   Data   RW           23    .data               report_version.o
    0x2000001c   0x00000004   Data   RW         1547    .data               system_stm32f4xx.o


    Execution Region ER_ZI (Base: 0x20000020, Size: 0x000006a8, Max: 0xffffffff, ABSOLUTE)

    Base Addr    Size         Type   Attr      Idx    E Section Name        Object

    0x20000020   0x00000046   Zero   RW           22    .bss                report_version.o
    0x20000066   0x00000002   PAD
    0x20000068   0x00000060   Zero   RW         1714    .bss                c_w.l(libspace.o)
    0x200000c8   0x00000200   Zero   RW         1535    HEAP                startup_stm32f407xx.o
    0x200002c8   0x00000400   Zero   RW         1534    STACK               startup_stm32f407xx.o


==============================================================================

Image component sizes


      Code (inc. data)   RO Data    RW Data    ZI Data      Debug   Object Name

       136         16          0          0          0        860   adc.o
       858         44          0          0          0       6146   pb_lcd_drivers.o
      4768        706          0         28         70     594214   report_version.o
        64         26        392          0       1536        840   startup_stm32f407xx.o
       292         40         24          4          0       1955   system_stm32f4xx.o

    ----------------------------------------------------------------------
      6120        832        448         32       1608     604015   Object Totals
         0          0         32          0          0          0   (incl. Generated)
         2          0          0          0          2          0   (incl. Padding)

    ----------------------------------------------------------------------

      Code (inc. data)   RO Data    RW Data    ZI Data      Debug   Library Member Name

         8          0          0          0          0         68   __main.o
       312          4         17          0          0         92   __printf_flags_wp.o
        14          0          0          0          0         68   __printf_wp.o
         0          0          0          0          0          0   __rtentry.o
        12          0          0          0          0          0   __rtentry2.o
         6          0          0          0          0          0   __rtentry4.o
        52          8          0          0          0          0   __scatter.o
        26          0          0          0          0          0   __scatter_copy.o
        28          0          0          0          0          0   __scatter_zi.o
        48          6          0          0          0         96   _printf_char_common.o
         6          0          0          0          0          0   _printf_f.o
      1050          0          0          0          0        216   _printf_fp_dec.o
       128         16          0          0          0         84   _printf_fp_infnan.o
         0          0          0          0          0          0   _printf_percent.o
         4          0          0          0          0          0   _printf_percent_end.o
        10          0          0          0          0         68   _sputc.o
       220          4        148          0          0         96   bigflt0.o
      1910        128          0          0          0        672   btod.o
        18          0          0          0          0         80   exit.o
         6          0          0          0          0        152   heapauxi.o
         0          0          0          0          0          0   indicate_semi.o
        44         10         28          0          0         76   lc_numeric_c.o
         2          0          0          0          0          0   libinit.o
        22          0          0          0          0          0   libinit2.o
         2          0          0          0          0          0   libshutdown.o
         2          0          0          0          0          0   libshutdown2.o
         8          4          0          0         96         68   libspace.o
       138          0          0          0          0         80   lludiv10.o
        40          6          0          0          0         84   noretval__2sprintf.o
         8          4          0          0          0         68   rt_locale_intlibspace.o
         2          0          0          0          0          0   rtexit.o
        10          0          0          0          0          0   rtexit2.o
       128          0          0          0          0         68   strcmpv7m.o
        12          4          0          0          0         68   sys_exit.o
        74          0          0          0          0         80   sys_stackheap_outer.o
         2          0          0          0          0         68   use_no_semi.o
        98          4          0          0          0        140   d2f.o
       804         16          0          0          0        368   daddsub_clz.o
        24          0          0          0          0        116   dcmpi.o
       688        140          0          0          0        256   ddiv.o
       120          4          0          0          0        140   deqf.o
       120          4          0          0          0        140   dleqf.o
       340         12          0          0          0        152   dmul.o
       156          4          0          0          0        140   dnaninf.o
        12          0          0          0          0        116   dretinf.o
       108          0          0          0          0        128   drleqf.o
        86          4          0          0          0        132   f2d.o
       140          4          0          0          0        132   fnaninf.o
        10          0          0          0          0        116   fpinit.o
        10          0          0          0          0        116   fretinf.o
         4          0          0          0          0        116   printf1.o
         0          0          0          0          0          0   usenofp.o
        48          0          0          0          0        124   fpclassify.o

    ----------------------------------------------------------------------
      7130        386        194          0         96       4784   Library Totals
        10          0          1          0          0          0   (incl. Padding)

    ----------------------------------------------------------------------

      Code (inc. data)   RO Data    RW Data    ZI Data      Debug   Library Name

      4352        194        193          0         96       2352   c_w.l
      2720        192          0          0          0       2308   fz_wm.l
        48          0          0          0          0        124   m_wm.l

    ----------------------------------------------------------------------
      7130        386        194          0         96       4784   Library Totals

    ----------------------------------------------------------------------

==============================================================================


      Code (inc. data)   RO Data    RW Data    ZI Data      Debug   

     13250       1218        642         32       1704     604051   Grand Totals
     13250       1218        642         32       1704     604051   ELF Image Totals
     13250       1218        642         32          0          0   ROM Totals

==============================================================================

    Total RO  Size (Code + RO Data)                13892 (  13.57kB)
    Total RW  Size (RW Data + ZI Data)              1736 (   1.70kB)
    Total ROM Size (Code + RO Data + RW Data)      13924 (  13.60kB)

==============================================================================

